Archive member included to satisfy reference by file (symbol)

c:/st/stm32cubeide_1.3.0/stm32cubeide/plugins/com.st.stm32cube.ide.mcu.externaltools.gnu-tools-for-stm32.7-2018-q2-update.win32_1.0.0.201904181610/tools/bin/../lib/gcc/arm-none-eabi/7.3.1/../../../../arm-none-eabi/lib/thumb/v7e-m/fpv4-sp/hard\libc_nano.a(lib_a-errno.o)
                              Core/Src/syscalls.o (__errno)
c:/st/stm32cubeide_1.3.0/stm32cubeide/plugins/com.st.stm32cube.ide.mcu.externaltools.gnu-tools-for-stm32.7-2018-q2-update.win32_1.0.0.201904181610/tools/bin/../lib/gcc/arm-none-eabi/7.3.1/../../../../arm-none-eabi/lib/thumb/v7e-m/fpv4-sp/hard\libc_nano.a(lib_a-exit.o)
                              c:/st/stm32cubeide_1.3.0/stm32cubeide/plugins/com.st.stm32cube.ide.mcu.externaltools.gnu-tools-for-stm32.7-2018-q2-update.win32_1.0.0.201904181610/tools/bin/../lib/gcc/arm-none-eabi/7.3.1/../../../../arm-none-eabi/lib/thumb/v7e-m/fpv4-sp/hard/crt0.o (exit)
c:/st/stm32cubeide_1.3.0/stm32cubeide/plugins/com.st.stm32cube.ide.mcu.externaltools.gnu-tools-for-stm32.7-2018-q2-update.win32_1.0.0.201904181610/tools/bin/../lib/gcc/arm-none-eabi/7.3.1/../../../../arm-none-eabi/lib/thumb/v7e-m/fpv4-sp/hard\libc_nano.a(lib_a-impure.o)
                              c:/st/stm32cubeide_1.3.0/stm32cubeide/plugins/com.st.stm32cube.ide.mcu.externaltools.gnu-tools-for-stm32.7-2018-q2-update.win32_1.0.0.201904181610/tools/bin/../lib/gcc/arm-none-eabi/7.3.1/../../../../arm-none-eabi/lib/thumb/v7e-m/fpv4-sp/hard\libc_nano.a(lib_a-exit.o) (_global_impure_ptr)
c:/st/stm32cubeide_1.3.0/stm32cubeide/plugins/com.st.stm32cube.ide.mcu.externaltools.gnu-tools-for-stm32.7-2018-q2-update.win32_1.0.0.201904181610/tools/bin/../lib/gcc/arm-none-eabi/7.3.1/../../../../arm-none-eabi/lib/thumb/v7e-m/fpv4-sp/hard\libc_nano.a(lib_a-init.o)
                              c:/st/stm32cubeide_1.3.0/stm32cubeide/plugins/com.st.stm32cube.ide.mcu.externaltools.gnu-tools-for-stm32.7-2018-q2-update.win32_1.0.0.201904181610/tools/bin/../lib/gcc/arm-none-eabi/7.3.1/../../../../arm-none-eabi/lib/thumb/v7e-m/fpv4-sp/hard/crt0.o (__libc_init_array)
c:/st/stm32cubeide_1.3.0/stm32cubeide/plugins/com.st.stm32cube.ide.mcu.externaltools.gnu-tools-for-stm32.7-2018-q2-update.win32_1.0.0.201904181610/tools/bin/../lib/gcc/arm-none-eabi/7.3.1/../../../../arm-none-eabi/lib/thumb/v7e-m/fpv4-sp/hard\libc_nano.a(lib_a-memset.o)
                              c:/st/stm32cubeide_1.3.0/stm32cubeide/plugins/com.st.stm32cube.ide.mcu.externaltools.gnu-tools-for-stm32.7-2018-q2-update.win32_1.0.0.201904181610/tools/bin/../lib/gcc/arm-none-eabi/7.3.1/../../../../arm-none-eabi/lib/thumb/v7e-m/fpv4-sp/hard/crt0.o (memset)
c:/st/stm32cubeide_1.3.0/stm32cubeide/plugins/com.st.stm32cube.ide.mcu.externaltools.gnu-tools-for-stm32.7-2018-q2-update.win32_1.0.0.201904181610/tools/bin/../lib/gcc/arm-none-eabi/7.3.1/../../../../arm-none-eabi/lib/thumb/v7e-m/fpv4-sp/hard\libm.a(lib_a-s_sin.o)
                              Core/Src/main.o (sin)
c:/st/stm32cubeide_1.3.0/stm32cubeide/plugins/com.st.stm32cube.ide.mcu.externaltools.gnu-tools-for-stm32.7-2018-q2-update.win32_1.0.0.201904181610/tools/bin/../lib/gcc/arm-none-eabi/7.3.1/../../../../arm-none-eabi/lib/thumb/v7e-m/fpv4-sp/hard\libm.a(lib_a-e_rem_pio2.o)
                              c:/st/stm32cubeide_1.3.0/stm32cubeide/plugins/com.st.stm32cube.ide.mcu.externaltools.gnu-tools-for-stm32.7-2018-q2-update.win32_1.0.0.201904181610/tools/bin/../lib/gcc/arm-none-eabi/7.3.1/../../../../arm-none-eabi/lib/thumb/v7e-m/fpv4-sp/hard\libm.a(lib_a-s_sin.o) (__ieee754_rem_pio2)
c:/st/stm32cubeide_1.3.0/stm32cubeide/plugins/com.st.stm32cube.ide.mcu.externaltools.gnu-tools-for-stm32.7-2018-q2-update.win32_1.0.0.201904181610/tools/bin/../lib/gcc/arm-none-eabi/7.3.1/../../../../arm-none-eabi/lib/thumb/v7e-m/fpv4-sp/hard\libm.a(lib_a-k_cos.o)
                              c:/st/stm32cubeide_1.3.0/stm32cubeide/plugins/com.st.stm32cube.ide.mcu.externaltools.gnu-tools-for-stm32.7-2018-q2-update.win32_1.0.0.201904181610/tools/bin/../lib/gcc/arm-none-eabi/7.3.1/../../../../arm-none-eabi/lib/thumb/v7e-m/fpv4-sp/hard\libm.a(lib_a-s_sin.o) (__kernel_cos)
c:/st/stm32cubeide_1.3.0/stm32cubeide/plugins/com.st.stm32cube.ide.mcu.externaltools.gnu-tools-for-stm32.7-2018-q2-update.win32_1.0.0.201904181610/tools/bin/../lib/gcc/arm-none-eabi/7.3.1/../../../../arm-none-eabi/lib/thumb/v7e-m/fpv4-sp/hard\libm.a(lib_a-k_rem_pio2.o)
                              c:/st/stm32cubeide_1.3.0/stm32cubeide/plugins/com.st.stm32cube.ide.mcu.externaltools.gnu-tools-for-stm32.7-2018-q2-update.win32_1.0.0.201904181610/tools/bin/../lib/gcc/arm-none-eabi/7.3.1/../../../../arm-none-eabi/lib/thumb/v7e-m/fpv4-sp/hard\libm.a(lib_a-e_rem_pio2.o) (__kernel_rem_pio2)
[...]
Memory Configuration

Name             Origin             Length             Attributes
CCMRAM           0x0000000010000000 0x0000000000004000 xrw
RAM              0x0000000020000000 0x0000000000010000 xrw
FLASH            0x0000000008000000 0x0000000000080000 xr
*default*        0x0000000000000000 0xffffffffffffffff

Linker script and memory map

LOAD c:/st/stm32cubeide_1.3.0/stm32cubeide/plugins/com.st.stm32cube.ide.mcu.externaltools.gnu-tools-for-stm32.7-2018-q2-update.win32_1.0.0.201904181610/tools/bin/../lib/gcc/arm-none-eabi/7.3.1/thumb/v7e-m/fpv4-sp/hard/crti.o
LOAD c:/st/stm32cubeide_1.3.0/stm32cubeide/plugins/com.st.stm32cube.ide.mcu.externaltools.gnu-tools-for-stm32.7-2018-q2-update.win32_1.0.0.201904181610/tools/bin/../lib/gcc/arm-none-eabi/7.3.1/thumb/v7e-m/fpv4-sp/hard/crtbegin.o
LOAD c:/st/stm32cubeide_1.3.0/stm32cubeide/plugins/com.st.stm32cube.ide.mcu.externaltools.gnu-tools-for-stm32.7-2018-q2-update.win32_1.0.0.201904181610/tools/bin/../lib/gcc/arm-none-eabi/7.3.1/../../../../arm-none-eabi/lib/thumb/v7e-m/fpv4-sp/hard/crt0.o
LOAD Core/Src/main.o
LOAD Core/Src/stm32f3xx_hal_msp.o
LOAD Core/Src/stm32f3xx_it.o
LOAD Core/Src/syscalls.o
LOAD Core/Src/sysmem.o
LOAD Core/Src/system_stm32f3xx.o
LOAD Core/Startup/startup_stm32f303retx.o
LOAD Drivers/STM32F3xx_HAL_Driver/Src/stm32f3xx_hal.o
LOAD Drivers/STM32F3xx_HAL_Driver/Src/stm32f3xx_hal_cortex.o
LOAD Drivers/STM32F3xx_HAL_Driver/Src/stm32f3xx_hal_dma.o
LOAD Drivers/STM32F3xx_HAL_Driver/Src/stm32f3xx_hal_exti.o
LOAD Drivers/STM32F3xx_HAL_Driver/Src/stm32f3xx_hal_flash.o
LOAD Drivers/STM32F3xx_HAL_Driver/Src/stm32f3xx_hal_flash_ex.o
LOAD Drivers/STM32F3xx_HAL_Driver/Src/stm32f3xx_hal_gpio.o
LOAD Drivers/STM32F3xx_HAL_Driver/Src/stm32f3xx_hal_i2c.o
LOAD Drivers/STM32F3xx_HAL_Driver/Src/stm32f3xx_hal_i2c_ex.o
LOAD Drivers/STM32F3xx_HAL_Driver/Src/stm32f3xx_hal_pwr.o
LOAD Drivers/STM32F3xx_HAL_Driver/Src/stm32f3xx_hal_pwr_ex.o
LOAD Drivers/STM32F3xx_HAL_Driver/Src/stm32f3xx_hal_rcc.o
LOAD Drivers/STM32F3xx_HAL_Driver/Src/stm32f3xx_hal_rcc_ex.o
LOAD Drivers/STM32F3xx_HAL_Driver/Src/stm32f3xx_hal_tim.o
LOAD Drivers/STM32F3xx_HAL_Driver/Src/stm32f3xx_hal_tim_ex.o
LOAD Drivers/STM32F3xx_HAL_Driver/Src/stm32f3xx_ll_dac.o
LOAD Drivers/STM32F3xx_HAL_Driver/Src/stm32f3xx_ll_dma.o
LOAD Drivers/STM32F3xx_HAL_Driver/Src/stm32f3xx_ll_exti.o
LOAD Drivers/STM32F3xx_HAL_Driver/Src/stm32f3xx_ll_gpio.o
LOAD Drivers/STM32F3xx_HAL_Driver/Src/stm32f3xx_ll_rcc.o
LOAD Drivers/STM32F3xx_HAL_Driver/Src/stm32f3xx_ll_tim.o
LOAD Drivers/STM32F3xx_HAL_Driver/Src/stm32f3xx_ll_utils.o
START GROUP
LOAD c:/st/stm32cubeide_1.3.0/stm32cubeide/plugins/com.st.stm32cube.ide.mcu.externaltools.gnu-tools-for-stm32.7-2018-q2-update.win32_1.0.0.201904181610/tools/bin/../lib/gcc/arm-none-eabi/7.3.1/../../../../arm-none-eabi/lib/thumb/v7e-m/fpv4-sp/hard\libc_nano.a
LOAD c:/st/stm32cubeide_1.3.0/stm32cubeide/plugins/com.st.stm32cube.ide.mcu.externaltools.gnu-tools-for-stm32.7-2018-q2-update.win32_1.0.0.201904181610/tools/bin/../lib/gcc/arm-none-eabi/7.3.1/../../../../arm-none-eabi/lib/thumb/v7e-m/fpv4-sp/hard\libm.a
END GROUP
START GROUP
LOAD c:/st/stm32cubeide_1.3.0/stm32cubeide/plugins/com.st.stm32cube.ide.mcu.externaltools.gnu-tools-for-stm32.7-2018-q2-update.win32_1.0.0.201904181610/tools/bin/../lib/gcc/arm-none-eabi/7.3.1/thumb/v7e-m/fpv4-sp/hard\libgcc.a
LOAD c:/st/stm32cubeide_1.3.0/stm32cubeide/plugins/com.st.stm32cube.ide.mcu.externaltools.gnu-tools-for-stm32.7-2018-q2-update.win32_1.0.0.201904181610/tools/bin/../lib/gcc/arm-none-eabi/7.3.1/../../../../arm-none-eabi/lib/thumb/v7e-m/fpv4-sp/hard\libc_nano.a
END GROUP
START GROUP
LOAD c:/st/stm32cubeide_1.3.0/stm32cubeide/plugins/com.st.stm32cube.ide.mcu.externaltools.gnu-tools-for-stm32.7-2018-q2-update.win32_1.0.0.201904181610/tools/bin/../lib/gcc/arm-none-eabi/7.3.1/thumb/v7e-m/fpv4-sp/hard\libgcc.a
LOAD c:/st/stm32cubeide_1.3.0/stm32cubeide/plugins/com.st.stm32cube.ide.mcu.externaltools.gnu-tools-for-stm32.7-2018-q2-update.win32_1.0.0.201904181610/tools/bin/../lib/gcc/arm-none-eabi/7.3.1/../../../../arm-none-eabi/lib/thumb/v7e-m/fpv4-sp/hard\libc_nano.a
LOAD c:/st/stm32cubeide_1.3.0/stm32cubeide/plugins/com.st.stm32cube.ide.mcu.externaltools.gnu-tools-for-stm32.7-2018-q2-update.win32_1.0.0.201904181610/tools/bin/../lib/gcc/arm-none-eabi/7.3.1/../../../../arm-none-eabi/lib/thumb/v7e-m/fpv4-sp/hard\libnosys.a
END GROUP
START GROUP
LOAD c:/st/stm32cubeide_1.3.0/stm32cubeide/plugins/com.st.stm32cube.ide.mcu.externaltools.gnu-tools-for-stm32.7-2018-q2-update.win32_1.0.0.201904181610/tools/bin/../lib/gcc/arm-none-eabi/7.3.1/thumb/v7e-m/fpv4-sp/hard\libgcc.a
LOAD c:/st/stm32cubeide_1.3.0/stm32cubeide/plugins/com.st.stm32cube.ide.mcu.externaltools.gnu-tools-for-stm32.7-2018-q2-update.win32_1.0.0.201904181610/tools/bin/../lib/gcc/arm-none-eabi/7.3.1/../../../../arm-none-eabi/lib/thumb/v7e-m/fpv4-sp/hard\libc_nano.a
LOAD c:/st/stm32cubeide_1.3.0/stm32cubeide/plugins/com.st.stm32cube.ide.mcu.externaltools.gnu-tools-for-stm32.7-2018-q2-update.win32_1.0.0.201904181610/tools/bin/../lib/gcc/arm-none-eabi/7.3.1/../../../../arm-none-eabi/lib/thumb/v7e-m/fpv4-sp/hard\libnosys.a
END GROUP
LOAD c:/st/stm32cubeide_1.3.0/stm32cubeide/plugins/com.st.stm32cube.ide.mcu.externaltools.gnu-tools-for-stm32.7-2018-q2-update.win32_1.0.0.201904181610/tools/bin/../lib/gcc/arm-none-eabi/7.3.1/thumb/v7e-m/fpv4-sp/hard/crtend.o
LOAD c:/st/stm32cubeide_1.3.0/stm32cubeide/plugins/com.st.stm32cube.ide.mcu.externaltools.gnu-tools-for-stm32.7-2018-q2-update.win32_1.0.0.201904181610/tools/bin/../lib/gcc/arm-none-eabi/7.3.1/thumb/v7e-m/fpv4-sp/hard/crtn.o
                0x0000000020010000                _estack = (ORIGIN (RAM) + LENGTH (RAM))
                0x0000000000000200                _Min_Heap_Size = 0x200
                0x0000000000000400                _Min_Stack_Size = 0x400

.isr_vector     0x0000000008000000      0x194
                0x0000000008000000                . = ALIGN (0x4)
 *(.isr_vector)
 .isr_vector    0x0000000008000000      0x194 Core/Startup/startup_stm32f303retx.o
                0x0000000008000000                g_pfnVectors
                0x0000000008000194                . = ALIGN (0x4)

.text           0x0000000008000198     0x4254
                0x0000000008000198                . = ALIGN (0x4)
 *(.text)
 .text          0x0000000008000198       0x40 c:/st/stm32cubeide_1.3.0/stm32cubeide/plugins/com.st.stm32cube.ide.mcu.externaltools.gnu-tools-for-stm32.7-2018-q2-update.win32_1.0.0.201904181610/tools/bin/../lib/gcc/arm-none-eabi/7.3.1/thumb/v7e-m/fpv4-sp/hard/crtbegin.o
 .text          0x00000000080001d8      0x378 c:/st/stm32cubeide_1.3.0/stm32cubeide/plugins/com.st.stm32cube.ide.mcu.externaltools.gnu-tools-for-stm32.7-2018-q2-update.win32_1.0.0.201904181610/tools/bin/../lib/gcc/arm-none-eabi/7.3.1/thumb/v7e-m/fpv4-sp/hard\libgcc.a(_arm_addsubdf3.o)
                0x00000000080001d8                __aeabi_drsub
                0x00000000080001e0                __aeabi_dsub
                0x00000000080001e0                __subdf3
                0x00000000080001e4                __aeabi_dadd
                0x00000000080001e4                __adddf3
                0x000000000800045c                __floatunsidf
                0x000000000800045c                __aeabi_ui2d
                0x000000000800047c                __floatsidf
                0x000000000800047c                __aeabi_i2d
                0x00000000080004a0                __aeabi_f2d
                0x00000000080004a0                __extendsfdf2
                0x00000000080004e4                __floatundidf
                0x00000000080004e4                __aeabi_ul2d
                0x00000000080004f4                __floatdidf
                0x00000000080004f4                __aeabi_l2d
 .text          0x0000000008000550      0x424 c:/st/stm32cubeide_1.3.0/stm32cubeide/plugins/com.st.stm32cube.ide.mcu.externaltools.gnu-tools-for-stm32.7-2018-q2-update.win32_1.0.0.201904181610/tools/bin/../lib/gcc/arm-none-eabi/7.3.1/thumb/v7e-m/fpv4-sp/hard\libgcc.a(_arm_muldivdf3.o)
                0x0000000008000550                __aeabi_dmul
                0x0000000008000550                __muldf3
                0x00000000080007a4                __divdf3
                0x00000000080007a4                __aeabi_ddiv
 .text          0x0000000008000974      0x110 c:/st/stm32cubeide_1.3.0/stm32cubeide/plugins/com.st.stm32cube.ide.mcu.externaltools.gnu-tools-for-stm32.7-2018-q2-update.win32_1.0.0.201904181610/tools/bin/../lib/gcc/arm-none-eabi/7.3.1/thumb/v7e-m/fpv4-sp/hard\libgcc.a(_arm_cmpdf2.o)
                0x0000000008000974                __gtdf2
                0x0000000008000974                __gedf2
                0x000000000800097c                __ltdf2
                0x000000000800097c                __ledf2
                0x0000000008000984                __nedf2
                0x0000000008000984                __eqdf2
                0x0000000008000984                __cmpdf2
                0x0000000008000a00                __aeabi_cdrcmple
                0x0000000008000a10                __aeabi_cdcmpeq
                0x0000000008000a10                __aeabi_cdcmple
                0x0000000008000a20                __aeabi_dcmpeq
                0x0000000008000a34                __aeabi_dcmplt
                0x0000000008000a48                __aeabi_dcmple
                0x0000000008000a5c                __aeabi_dcmpge
                0x0000000008000a70                __aeabi_dcmpgt
 .text          0x0000000008000a84       0x50 c:/st/stm32cubeide_1.3.0/stm32cubeide/plugins/com.st.stm32cube.ide.mcu.externaltools.gnu-tools-for-stm32.7-2018-q2-update.win32_1.0.0.201904181610/tools/bin/../lib/gcc/arm-none-eabi/7.3.1/thumb/v7e-m/fpv4-sp/hard\libgcc.a(_arm_fixdfsi.o)
                0x0000000008000a84                __aeabi_d2iz
                0x0000000008000a84                __fixdfsi
 .text          0x0000000008000ad4       0x40 c:/st/stm32cubeide_1.3.0/stm32cubeide/plugins/com.st.stm32cube.ide.mcu.externaltools.gnu-tools-for-stm32.7-2018-q2-update.win32_1.0.0.201904181610/tools/bin/../lib/gcc/arm-none-eabi/7.3.1/thumb/v7e-m/fpv4-sp/hard\libgcc.a(_arm_fixunsdfsi.o)
                0x0000000008000ad4                __aeabi_d2uiz
                0x0000000008000ad4                __fixunsdfsi
 *(.text*)
 .text.__NVIC_GetPriorityGrouping
                0x0000000008000b14       0x1c Core/Src/main.o
 .text.__NVIC_EnableIRQ
                0x0000000008000b30       0x3c Core/Src/main.o
 .text.__NVIC_SetPriority
                0x0000000008000b6c       0x54 Core/Src/main.o
 .text.NVIC_EncodePriority
                0x0000000008000bc0       0x66 Core/Src/main.o
 .text.LL_DAC_EnableDMAReq
                0x0000000008000c26       0x2e Core/Src/main.o
 .text.LL_DAC_Enable
                0x0000000008000c54       0x2c Core/Src/main.o
 .text.LL_DAC_EnableTrigger
                0x0000000008000c80       0x2c Core/Src/main.o
 .text.LL_DMA_EnableChannel
                0x0000000008000cac       0x40 Core/Src/main.o
 .text.LL_DMA_SetDataTransferDirection
                0x0000000008000cec       0x4c Core/Src/main.o
 .text.LL_DMA_SetMode
                0x0000000008000d38       0x48 Core/Src/main.o
 .text.LL_DMA_SetPeriphIncMode
                0x0000000008000d80       0x48 Core/Src/main.o
 .text.LL_DMA_SetMemoryIncMode
                0x0000000008000dc8       0x48 Core/Src/main.o
 .text.LL_DMA_SetPeriphSize
                0x0000000008000e10       0x48 Core/Src/main.o
 .text.LL_DMA_SetMemorySize
                0x0000000008000e58       0x48 Core/Src/main.o
 .text.LL_DMA_SetChannelPriorityLevel
                0x0000000008000ea0       0x48 Core/Src/main.o
 .text.LL_DMA_SetDataLength
                0x0000000008000ee8       0x48 Core/Src/main.o
 .text.LL_DMA_SetMemoryAddress
                0x0000000008000f30       0x30 Core/Src/main.o
 .text.LL_DMA_SetPeriphAddress
                0x0000000008000f60       0x30 Core/Src/main.o
 .text.LL_TIM_EnableCounter
                0x0000000008000f90       0x20 Core/Src/main.o
 .text.LL_TIM_DisableARRPreload
                0x0000000008000fb0       0x20 Core/Src/main.o
 .text.LL_TIM_SetTriggerOutput
                0x0000000008000fd0       0x26 Core/Src/main.o
 .text.LL_TIM_DisableMasterSlaveMode
                0x0000000008000ff6       0x20 Core/Src/main.o
 .text.LL_TIM_ClearFlag_UPDATE
                0x0000000008001016       0x1c Core/Src/main.o
 *fill*         0x0000000008001032        0x2 
 .text.LL_AHB1_GRP1_EnableClock
                0x0000000008001034       0x30 Core/Src/main.o
 .text.LL_APB1_GRP1_EnableClock
                0x0000000008001064       0x30 Core/Src/main.o
 .text.LL_SYSCFG_SetRemapDMA_DAC
                0x0000000008001094       0x34 Core/Src/main.o
 .text.main     0x00000000080010c8      0x138 Core/Src/main.o
                0x00000000080010c8                main
 .text.SystemClock_Config
                0x0000000008001200       0x88 Core/Src/main.o
                0x0000000008001200                SystemClock_Config
 .text.MX_DAC1_Init
                0x0000000008001288       0xf4 Core/Src/main.o
 .text.MX_TIM6_Init
                0x000000000800137c       0x70 Core/Src/main.o
 .text.MX_DMA_Init
                0x00000000080013ec       0x2e Core/Src/main.o
 *fill*         0x000000000800141a        0x2 
 .text.MX_GPIO_Init
                0x000000000800141c       0x7c Core/Src/main.o
 .text.Error_Handler
                0x0000000008001498        0xe Core/Src/main.o
                0x0000000008001498                Error_Handler
 *fill*         0x00000000080014a6        0x2 
 .text.HAL_MspInit
                0x00000000080014a8       0x48 Core/Src/stm32f3xx_hal_msp.o
                0x00000000080014a8                HAL_MspInit
 .text.LL_TIM_ClearFlag_UPDATE
                0x00000000080014f0       0x1c Core/Src/stm32f3xx_it.o
 .text.NMI_Handler
                0x000000000800150c        0xe Core/Src/stm32f3xx_it.o
                0x000000000800150c                NMI_Handler
 .text.HardFault_Handler
                0x000000000800151a        0x6 Core/Src/stm32f3xx_it.o
                0x000000000800151a                HardFault_Handler
 .text.MemManage_Handler
                0x0000000008001520        0x6 Core/Src/stm32f3xx_it.o
                0x0000000008001520                MemManage_Handler
 .text.BusFault_Handler
                0x0000000008001526        0x6 Core/Src/stm32f3xx_it.o
                0x0000000008001526                BusFault_Handler
 .text.UsageFault_Handler
                0x000000000800152c        0x6 Core/Src/stm32f3xx_it.o
                0x000000000800152c                UsageFault_Handler
 .text.SVC_Handler
                0x0000000008001532        0xe Core/Src/stm32f3xx_it.o
                0x0000000008001532                SVC_Handler
 .text.DebugMon_Handler
                0x0000000008001540        0xe Core/Src/stm32f3xx_it.o
                0x0000000008001540                DebugMon_Handler
 .text.PendSV_Handler
                0x000000000800154e        0xe Core/Src/stm32f3xx_it.o
                0x000000000800154e                PendSV_Handler
 .text.SysTick_Handler
                0x000000000800155c        0xc Core/Src/stm32f3xx_it.o
                0x000000000800155c                SysTick_Handler
 .text.DMA1_Channel3_IRQHandler
                0x0000000008001568        0xe Core/Src/stm32f3xx_it.o
                0x0000000008001568                DMA1_Channel3_IRQHandler
 *fill*         0x0000000008001576        0x2 
 .text.TIM6_DAC_IRQHandler
                0x0000000008001578       0x24 Core/Src/stm32f3xx_it.o
                0x0000000008001578                TIM6_DAC_IRQHandler
 .text.SystemInit
                0x000000000800159c       0x24 Core/Src/system_stm32f3xx.o
                0x000000000800159c                SystemInit
 .text.Reset_Handler
                0x00000000080015c0       0x50 Core/Startup/startup_stm32f303retx.o
                0x00000000080015c0                Reset_Handler
 .text.Default_Handler
                0x0000000008001610        0x2 Core/Startup/startup_stm32f303retx.o
                0x0000000008001610                RTC_Alarm_IRQHandler
                0x0000000008001610                TIM8_TRG_COM_IRQHandler
                0x0000000008001610                TIM8_CC_IRQHandler
                0x0000000008001610                SPI4_IRQHandler
                0x0000000008001610                TIM1_CC_IRQHandler
                0x0000000008001610                USB_HP_IRQHandler
                0x0000000008001610                PVD_IRQHandler
                0x0000000008001610                TAMP_STAMP_IRQHandler
                0x0000000008001610                EXTI3_IRQHandler
                0x0000000008001610                I2C3_ER_IRQHandler
                0x0000000008001610                USB_HP_CAN_TX_IRQHandler
                0x0000000008001610                EXTI0_IRQHandler
                0x0000000008001610                I2C2_EV_IRQHandler
                0x0000000008001610                FPU_IRQHandler
                0x0000000008001610                TIM1_UP_TIM16_IRQHandler
                0x0000000008001610                ADC1_2_IRQHandler
                0x0000000008001610                SPI1_IRQHandler
                0x0000000008001610                CAN_SCE_IRQHandler
                0x0000000008001610                TIM8_UP_IRQHandler
                0x0000000008001610                DMA2_Channel2_IRQHandler
                0x0000000008001610                DMA1_Channel4_IRQHandler
                0x0000000008001610                TIM20_TRG_COM_IRQHandler
                0x0000000008001610                USART3_IRQHandler
                0x0000000008001610                DMA1_Channel7_IRQHandler
                0x0000000008001610                UART5_IRQHandler
                0x0000000008001610                ADC3_IRQHandler
                0x0000000008001610                TIM4_IRQHandler
                0x0000000008001610                CAN_RX1_IRQHandler
                0x0000000008001610                DMA2_Channel1_IRQHandler
                0x0000000008001610                I2C1_EV_IRQHandler
                0x0000000008001610                DMA1_Channel6_IRQHandler
                0x0000000008001610                UART4_IRQHandler
                0x0000000008001610                DMA2_Channel4_IRQHandler
                0x0000000008001610                TIM3_IRQHandler
                0x0000000008001610                RCC_IRQHandler
                0x0000000008001610                TIM20_UP_IRQHandler
                0x0000000008001610                DMA1_Channel1_IRQHandler
                0x0000000008001610                Default_Handler
                0x0000000008001610                USBWakeUp_RMP_IRQHandler
                0x0000000008001610                EXTI15_10_IRQHandler
                0x0000000008001610                TIM7_IRQHandler
                0x0000000008001610                I2C3_EV_IRQHandler
                0x0000000008001610                EXTI9_5_IRQHandler
                0x0000000008001610                RTC_WKUP_IRQHandler
                0x0000000008001610                SPI2_IRQHandler
                0x0000000008001610                USB_LP_CAN_RX0_IRQHandler
                0x0000000008001610                DMA2_Channel5_IRQHandler
                0x0000000008001610                DMA1_Channel5_IRQHandler
                0x0000000008001610                USB_LP_IRQHandler
                0x0000000008001610                EXTI4_IRQHandler
                0x0000000008001610                TIM1_TRG_COM_TIM17_IRQHandler
                0x0000000008001610                ADC4_IRQHandler
                0x0000000008001610                WWDG_IRQHandler
                0x0000000008001610                TIM2_IRQHandler
                0x0000000008001610                COMP7_IRQHandler
                0x0000000008001610                COMP1_2_3_IRQHandler
                0x0000000008001610                EXTI1_IRQHandler
                0x0000000008001610                USART2_IRQHandler
                0x0000000008001610                COMP4_5_6_IRQHandler
                0x0000000008001610                TIM20_BRK_IRQHandler
                0x0000000008001610                I2C2_ER_IRQHandler
                0x0000000008001610                DMA1_Channel2_IRQHandler
                0x0000000008001610                TIM8_BRK_IRQHandler
                0x0000000008001610                FLASH_IRQHandler
                0x0000000008001610                TIM20_CC_IRQHandler
                0x0000000008001610                USART1_IRQHandler
                0x0000000008001610                SPI3_IRQHandler
                0x0000000008001610                I2C1_ER_IRQHandler
                0x0000000008001610                FMC_IRQHandler
                0x0000000008001610                USBWakeUp_IRQHandler
                0x0000000008001610                DMA2_Channel3_IRQHandler
                0x0000000008001610                EXTI2_TSC_IRQHandler
                0x0000000008001610                TIM1_BRK_TIM15_IRQHandler
 *fill*         0x0000000008001612        0x2 
 .text.HAL_Init
                0x0000000008001614       0x2c Drivers/STM32F3xx_HAL_Driver/Src/stm32f3xx_hal.o
                0x0000000008001614                HAL_Init
 .text.HAL_InitTick
                0x0000000008001640       0x60 Drivers/STM32F3xx_HAL_Driver/Src/stm32f3xx_hal.o
                0x0000000008001640                HAL_InitTick
 .text.HAL_IncTick
                0x00000000080016a0       0x28 Drivers/STM32F3xx_HAL_Driver/Src/stm32f3xx_hal.o
                0x00000000080016a0                HAL_IncTick
 .text.HAL_GetTick
                0x00000000080016c8       0x18 Drivers/STM32F3xx_HAL_Driver/Src/stm32f3xx_hal.o
                0x00000000080016c8                HAL_GetTick
 .text.__NVIC_SetPriorityGrouping
                0x00000000080016e0       0x48 Drivers/STM32F3xx_HAL_Driver/Src/stm32f3xx_hal_cortex.o
 .text.__NVIC_GetPriorityGrouping
                0x0000000008001728       0x1c Drivers/STM32F3xx_HAL_Driver/Src/stm32f3xx_hal_cortex.o
 .text.__NVIC_SetPriority
                0x0000000008001744       0x54 Drivers/STM32F3xx_HAL_Driver/Src/stm32f3xx_hal_cortex.o
 .text.NVIC_EncodePriority
                0x0000000008001798       0x66 Drivers/STM32F3xx_HAL_Driver/Src/stm32f3xx_hal_cortex.o
 *fill*         0x00000000080017fe        0x2 
 .text.SysTick_Config
                0x0000000008001800       0x44 Drivers/STM32F3xx_HAL_Driver/Src/stm32f3xx_hal_cortex.o
 .text.HAL_NVIC_SetPriorityGrouping
                0x0000000008001844       0x16 Drivers/STM32F3xx_HAL_Driver/Src/stm32f3xx_hal_cortex.o
                0x0000000008001844                HAL_NVIC_SetPriorityGrouping
 .text.HAL_NVIC_SetPriority
                0x000000000800185a       0x38 Drivers/STM32F3xx_HAL_Driver/Src/stm32f3xx_hal_cortex.o
                0x000000000800185a                HAL_NVIC_SetPriority
 .text.HAL_SYSTICK_Config
                0x0000000008001892       0x18 Drivers/STM32F3xx_HAL_Driver/Src/stm32f3xx_hal_cortex.o
                0x0000000008001892                HAL_SYSTICK_Config
 *fill*         0x00000000080018aa        0x2 
 .text.HAL_GPIO_Init
                0x00000000080018ac      0x314 Drivers/STM32F3xx_HAL_Driver/Src/stm32f3xx_hal_gpio.o
                0x00000000080018ac                HAL_GPIO_Init
 .text.HAL_GPIO_WritePin
                0x0000000008001bc0       0x30 Drivers/STM32F3xx_HAL_Driver/Src/stm32f3xx_hal_gpio.o
                0x0000000008001bc0                HAL_GPIO_WritePin
 .text.HAL_RCC_OscConfig
                0x0000000008001bf0      0xe2c Drivers/STM32F3xx_HAL_Driver/Src/stm32f3xx_hal_rcc.o
                0x0000000008001bf0                HAL_RCC_OscConfig
 .text.HAL_RCC_ClockConfig
                0x0000000008002a1c      0x2f8 Drivers/STM32F3xx_HAL_Driver/Src/stm32f3xx_hal_rcc.o
                0x0000000008002a1c                HAL_RCC_ClockConfig
 .text.HAL_RCC_GetSysClockFreq
                0x0000000008002d14       0xd4 Drivers/STM32F3xx_HAL_Driver/Src/stm32f3xx_hal_rcc.o
                0x0000000008002d14                HAL_RCC_GetSysClockFreq
 .text.LL_DAC_IsEnabled
                0x0000000008002de8       0x3e Drivers/STM32F3xx_HAL_Driver/Src/stm32f3xx_ll_dac.o
 .text.LL_DAC_Init
                0x0000000008002e26       0xa2 Drivers/STM32F3xx_HAL_Driver/Src/stm32f3xx_ll_dac.o
                0x0000000008002e26                LL_DAC_Init
 .text.LL_GPIO_SetPinMode
                0x0000000008002ec8       0x5e Drivers/STM32F3xx_HAL_Driver/Src/stm32f3xx_ll_gpio.o
 .text.LL_GPIO_SetPinOutputType
                0x0000000008002f26       0x30 Drivers/STM32F3xx_HAL_Driver/Src/stm32f3xx_ll_gpio.o
 .text.LL_GPIO_SetPinSpeed
                0x0000000008002f56       0x5e Drivers/STM32F3xx_HAL_Driver/Src/stm32f3xx_ll_gpio.o
 .text.LL_GPIO_SetPinPull
                0x0000000008002fb4       0x5e Drivers/STM32F3xx_HAL_Driver/Src/stm32f3xx_ll_gpio.o
 .text.LL_GPIO_SetAFPin_0_7
                0x0000000008003012       0x5e Drivers/STM32F3xx_HAL_Driver/Src/stm32f3xx_ll_gpio.o
 .text.LL_GPIO_SetAFPin_8_15
                0x0000000008003070       0x62 Drivers/STM32F3xx_HAL_Driver/Src/stm32f3xx_ll_gpio.o
 .text.LL_GPIO_Init
                0x00000000080030d2       0xe0 Drivers/STM32F3xx_HAL_Driver/Src/stm32f3xx_ll_gpio.o
                0x00000000080030d2                LL_GPIO_Init
 .text.LL_TIM_SetPrescaler
                0x00000000080031b2       0x1c Drivers/STM32F3xx_HAL_Driver/Src/stm32f3xx_ll_tim.o
 .text.LL_TIM_SetAutoReload
                0x00000000080031ce       0x1c Drivers/STM32F3xx_HAL_Driver/Src/stm32f3xx_ll_tim.o
 .text.LL_TIM_SetRepetitionCounter
                0x00000000080031ea       0x1c Drivers/STM32F3xx_HAL_Driver/Src/stm32f3xx_ll_tim.o
 .text.LL_TIM_GenerateEvent_UPDATE
                0x0000000008003206       0x20 Drivers/STM32F3xx_HAL_Driver/Src/stm32f3xx_ll_tim.o
 *fill*         0x0000000008003226        0x2 
 .text.LL_TIM_Init
                0x0000000008003228      0x130 Drivers/STM32F3xx_HAL_Driver/Src/stm32f3xx_ll_tim.o
                0x0000000008003228                LL_TIM_Init
 .text.__libc_init_array
                0x0000000008003358       0x48 c:/st/stm32cubeide_1.3.0/stm32cubeide/plugins/com.st.stm32cube.ide.mcu.externaltools.gnu-tools-for-stm32.7-2018-q2-update.win32_1.0.0.201904181610/tools/bin/../lib/gcc/arm-none-eabi/7.3.1/../../../../arm-none-eabi/lib/thumb/v7e-m/fpv4-sp/hard\libc_nano.a(lib_a-init.o)
                0x0000000008003358                __libc_init_array
 .text.memset   0x00000000080033a0       0x10 c:/st/stm32cubeide_1.3.0/stm32cubeide/plugins/com.st.stm32cube.ide.mcu.externaltools.gnu-tools-for-stm32.7-2018-q2-update.win32_1.0.0.201904181610/tools/bin/../lib/gcc/arm-none-eabi/7.3.1/../../../../arm-none-eabi/lib/thumb/v7e-m/fpv4-sp/hard\libc_nano.a(lib_a-memset.o)
                0x00000000080033a0                memset
 .text.sin      0x00000000080033b0       0x90 c:/st/stm32cubeide_1.3.0/stm32cubeide/plugins/com.st.stm32cube.ide.mcu.externaltools.gnu-tools-for-stm32.7-2018-q2-update.win32_1.0.0.201904181610/tools/bin/../lib/gcc/arm-none-eabi/7.3.1/../../../../arm-none-eabi/lib/thumb/v7e-m/fpv4-sp/hard\libm.a(lib_a-s_sin.o)
                0x00000000080033b0                sin
 .text.__ieee754_rem_pio2
                0x0000000008003440      0x3e4 c:/st/stm32cubeide_1.3.0/stm32cubeide/plugins/com.st.stm32cube.ide.mcu.externaltools.gnu-tools-for-stm32.7-2018-q2-update.win32_1.0.0.201904181610/tools/bin/../lib/gcc/arm-none-eabi/7.3.1/../../../../arm-none-eabi/lib/thumb/v7e-m/fpv4-sp/hard\libm.a(lib_a-e_rem_pio2.o)
                0x0000000008003440                __ieee754_rem_pio2
 *fill*         0x0000000008003824        0x4 
 .text.__kernel_cos
                0x0000000008003828      0x18c c:/st/stm32cubeide_1.3.0/stm32cubeide/plugins/com.st.stm32cube.ide.mcu.externaltools.gnu-tools-for-stm32.7-2018-q2-update.win32_1.0.0.201904181610/tools/bin/../lib/gcc/arm-none-eabi/7.3.1/../../../../arm-none-eabi/lib/thumb/v7e-m/fpv4-sp/hard\libm.a(lib_a-k_cos.o)
                0x0000000008003828                __kernel_cos
 *fill*         0x00000000080039b4        0x4 
 .text.__kernel_rem_pio2
                0x00000000080039b8      0x680 c:/st/stm32cubeide_1.3.0/stm32cubeide/plugins/com.st.stm32cube.ide.mcu.externaltools.gnu-tools-for-stm32.7-2018-q2-update.win32_1.0.0.201904181610/tools/bin/../lib/gcc/arm-none-eabi/7.3.1/../../../../arm-none-eabi/lib/thumb/v7e-m/fpv4-sp/hard\libm.a(lib_a-k_rem_pio2.o)
                0x00000000080039b8                __kernel_rem_pio2
 .text.__kernel_sin
                0x0000000008004038      0x174 c:/st/stm32cubeide_1.3.0/stm32cubeide/plugins/com.st.stm32cube.ide.mcu.externaltools.gnu-tools-for-stm32.7-2018-q2-update.win32_1.0.0.201904181610/tools/bin/../lib/gcc/arm-none-eabi/7.3.1/../../../../arm-none-eabi/lib/thumb/v7e-m/fpv4-sp/hard\libm.a(lib_a-k_sin.o)
                0x0000000008004038                __kernel_sin
 .text.fabs     0x00000000080041ac       0x12 c:/st/stm32cubeide_1.3.0/stm32cubeide/plugins/com.st.stm32cube.ide.mcu.externaltools.gnu-tools-for-stm32.7-2018-q2-update.win32_1.0.0.201904181610/tools/bin/../lib/gcc/arm-none-eabi/7.3.1/../../../../arm-none-eabi/lib/thumb/v7e-m/fpv4-sp/hard\libm.a(lib_a-s_fabs.o)
                0x00000000080041ac                fabs
 *fill*         0x00000000080041be        0x2 
 .text.floor    0x00000000080041c0      0x108 c:/st/stm32cubeide_1.3.0/stm32cubeide/plugins/com.st.stm32cube.ide.mcu.externaltools.gnu-tools-for-stm32.7-2018-q2-update.win32_1.0.0.201904181610/tools/bin/../lib/gcc/arm-none-eabi/7.3.1/../../../../arm-none-eabi/lib/thumb/v7e-m/fpv4-sp/hard\libm.a(lib_a-s_floor.o)
                0x00000000080041c0                floor
 .text.scalbn   0x00000000080042c8       0xec c:/st/stm32cubeide_1.3.0/stm32cubeide/plugins/com.st.stm32cube.ide.mcu.externaltools.gnu-tools-for-stm32.7-2018-q2-update.win32_1.0.0.201904181610/tools/bin/../lib/gcc/arm-none-eabi/7.3.1/../../../../arm-none-eabi/lib/thumb/v7e-m/fpv4-sp/hard\libm.a(lib_a-s_scalbn.o)
                0x00000000080042c8                scalbn
 .text.copysign
                0x00000000080043b4       0x1e c:/st/stm32cubeide_1.3.0/stm32cubeide/plugins/com.st.stm32cube.ide.mcu.externaltools.gnu-tools-for-stm32.7-2018-q2-update.win32_1.0.0.201904181610/tools/bin/../lib/gcc/arm-none-eabi/7.3.1/../../../../arm-none-eabi/lib/thumb/v7e-m/fpv4-sp/hard\libm.a(lib_a-s_copysign.o)
                0x00000000080043b4                copysign
 *(.glue_7)
 .glue_7        0x00000000080043d2        0x0 linker stubs
 *(.glue_7t)
 .glue_7t       0x00000000080043d2        0x0 linker stubs
 *(.eh_frame)
 *fill*         0x00000000080043d2        0x2 
 .eh_frame      0x00000000080043d4        0x0 c:/st/stm32cubeide_1.3.0/stm32cubeide/plugins/com.st.stm32cube.ide.mcu.externaltools.gnu-tools-for-stm32.7-2018-q2-update.win32_1.0.0.201904181610/tools/bin/../lib/gcc/arm-none-eabi/7.3.1/thumb/v7e-m/fpv4-sp/hard/crtbegin.o
 *(.init)
 .init          0x00000000080043d4        0x4 c:/st/stm32cubeide_1.3.0/stm32cubeide/plugins/com.st.stm32cube.ide.mcu.externaltools.gnu-tools-for-stm32.7-2018-q2-update.win32_1.0.0.201904181610/tools/bin/../lib/gcc/arm-none-eabi/7.3.1/thumb/v7e-m/fpv4-sp/hard/crti.o
                0x00000000080043d4                _init
 .init          0x00000000080043d8        0x8 c:/st/stm32cubeide_1.3.0/stm32cubeide/plugins/com.st.stm32cube.ide.mcu.externaltools.gnu-tools-for-stm32.7-2018-q2-update.win32_1.0.0.201904181610/tools/bin/../lib/gcc/arm-none-eabi/7.3.1/thumb/v7e-m/fpv4-sp/hard/crtn.o
 *(.fini)
 .fini          0x00000000080043e0        0x4 c:/st/stm32cubeide_1.3.0/stm32cubeide/plugins/com.st.stm32cube.ide.mcu.externaltools.gnu-tools-for-stm32.7-2018-q2-update.win32_1.0.0.201904181610/tools/bin/../lib/gcc/arm-none-eabi/7.3.1/thumb/v7e-m/fpv4-sp/hard/crti.o
                0x00000000080043e0                _fini
 .fini          0x00000000080043e4        0x8 c:/st/stm32cubeide_1.3.0/stm32cubeide/plugins/com.st.stm32cube.ide.mcu.externaltools.gnu-tools-for-stm32.7-2018-q2-update.win32_1.0.0.201904181610/tools/bin/../lib/gcc/arm-none-eabi/7.3.1/thumb/v7e-m/fpv4-sp/hard/crtn.o
                0x00000000080043ec                . = ALIGN (0x4)
                0x00000000080043ec                _etext = .

.vfp11_veneer   0x00000000080043ec        0x0
 .vfp11_veneer  0x00000000080043ec        0x0 linker stubs

.v4_bx          0x00000000080043ec        0x0
 .v4_bx         0x00000000080043ec        0x0 linker stubs

.iplt           0x00000000080043ec        0x0
 .iplt          0x00000000080043ec        0x0 c:/st/stm32cubeide_1.3.0/stm32cubeide/plugins/com.st.stm32cube.ide.mcu.externaltools.gnu-tools-for-stm32.7-2018-q2-update.win32_1.0.0.201904181610/tools/bin/../lib/gcc/arm-none-eabi/7.3.1/thumb/v7e-m/fpv4-sp/hard/crtbegin.o

.rodata         0x00000000080043f0      0x210
                0x00000000080043f0                . = ALIGN (0x4)
 *(.rodata)
 *(.rodata*)
 .rodata.CHANNEL_OFFSET_TAB
                0x00000000080043f0        0x7 Core/Src/main.o
 *fill*         0x00000000080043f7        0x1 
 .rodata.AHBPrescTable
                0x00000000080043f8       0x10 Core/Src/system_stm32f3xx.o
                0x00000000080043f8                AHBPrescTable
 .rodata.aPLLMULFactorTable
                0x0000000008004408       0x10 Drivers/STM32F3xx_HAL_Driver/Src/stm32f3xx_hal_rcc.o
                0x0000000008004408                aPLLMULFactorTable
 .rodata.aPredivFactorTable
                0x0000000008004418       0x10 Drivers/STM32F3xx_HAL_Driver/Src/stm32f3xx_hal_rcc.o
                0x0000000008004418                aPredivFactorTable
 .rodata.npio2_hw
                0x0000000008004428       0x80 c:/st/stm32cubeide_1.3.0/stm32cubeide/plugins/com.st.stm32cube.ide.mcu.externaltools.gnu-tools-for-stm32.7-2018-q2-update.win32_1.0.0.201904181610/tools/bin/../lib/gcc/arm-none-eabi/7.3.1/../../../../arm-none-eabi/lib/thumb/v7e-m/fpv4-sp/hard\libm.a(lib_a-e_rem_pio2.o)
 .rodata.two_over_pi
                0x00000000080044a8      0x108 c:/st/stm32cubeide_1.3.0/stm32cubeide/plugins/com.st.stm32cube.ide.mcu.externaltools.gnu-tools-for-stm32.7-2018-q2-update.win32_1.0.0.201904181610/tools/bin/../lib/gcc/arm-none-eabi/7.3.1/../../../../arm-none-eabi/lib/thumb/v7e-m/fpv4-sp/hard\libm.a(lib_a-e_rem_pio2.o)
 .rodata.PIo2   0x00000000080045b0       0x40 c:/st/stm32cubeide_1.3.0/stm32cubeide/plugins/com.st.stm32cube.ide.mcu.externaltools.gnu-tools-for-stm32.7-2018-q2-update.win32_1.0.0.201904181610/tools/bin/../lib/gcc/arm-none-eabi/7.3.1/../../../../arm-none-eabi/lib/thumb/v7e-m/fpv4-sp/hard\libm.a(lib_a-k_rem_pio2.o)
 .rodata.init_jk
                0x00000000080045f0       0x10 c:/st/stm32cubeide_1.3.0/stm32cubeide/plugins/com.st.stm32cube.ide.mcu.externaltools.gnu-tools-for-stm32.7-2018-q2-update.win32_1.0.0.201904181610/tools/bin/../lib/gcc/arm-none-eabi/7.3.1/../../../../arm-none-eabi/lib/thumb/v7e-m/fpv4-sp/hard\libm.a(lib_a-k_rem_pio2.o)
                0x0000000008004600                . = ALIGN (0x4)

.rel.dyn        0x0000000008004600        0x0
 .rel.iplt      0x0000000008004600        0x0 c:/st/stm32cubeide_1.3.0/stm32cubeide/plugins/com.st.stm32cube.ide.mcu.externaltools.gnu-tools-for-stm32.7-2018-q2-update.win32_1.0.0.201904181610/tools/bin/../lib/gcc/arm-none-eabi/7.3.1/thumb/v7e-m/fpv4-sp/hard/crtbegin.o

.ARM.extab      0x0000000008004600        0x0
                0x0000000008004600                . = ALIGN (0x4)
 *(.ARM.extab* .gnu.linkonce.armextab.*)
                0x0000000008004600                . = ALIGN (0x4)

.ARM            0x0000000008004600        0x0
                0x0000000008004600                . = ALIGN (0x4)
                0x0000000008004600                __exidx_start = .
 *(.ARM.exidx*)
                0x0000000008004600                __exidx_end = .
                0x0000000008004600                . = ALIGN (0x4)

.preinit_array  0x0000000008004600        0x0
                0x0000000008004600                . = ALIGN (0x4)
                0x0000000008004600                PROVIDE (__preinit_array_start = .)
 *(.preinit_array*)
                0x0000000008004600                PROVIDE (__preinit_array_end = .)
                0x0000000008004600                . = ALIGN (0x4)

.init_array     0x0000000008004600        0x4
                0x0000000008004600                . = ALIGN (0x4)
                0x0000000008004600                PROVIDE (__init_array_start = .)
 *(SORT_BY_NAME(.init_array.*))
 *(.init_array*)
 .init_array    0x0000000008004600        0x4 c:/st/stm32cubeide_1.3.0/stm32cubeide/plugins/com.st.stm32cube.ide.mcu.externaltools.gnu-tools-for-stm32.7-2018-q2-update.win32_1.0.0.201904181610/tools/bin/../lib/gcc/arm-none-eabi/7.3.1/thumb/v7e-m/fpv4-sp/hard/crtbegin.o
                0x0000000008004604                PROVIDE (__init_array_end = .)
                0x0000000008004604                . = ALIGN (0x4)

.fini_array     0x0000000008004604        0x4
                0x0000000008004604                . = ALIGN (0x4)
                [!provide]                        PROVIDE (__fini_array_start = .)
 *(SORT_BY_NAME(.fini_array.*))
 *(.fini_array*)
 .fini_array    0x0000000008004604        0x4 c:/st/stm32cubeide_1.3.0/stm32cubeide/plugins/com.st.stm32cube.ide.mcu.externaltools.gnu-tools-for-stm32.7-2018-q2-update.win32_1.0.0.201904181610/tools/bin/../lib/gcc/arm-none-eabi/7.3.1/thumb/v7e-m/fpv4-sp/hard/crtbegin.o
                [!provide]                        PROVIDE (__fini_array_end = .)
                0x0000000008004608                . = ALIGN (0x4)
                0x0000000008004608                _sidata = LOADADDR (.data)

.data           0x0000000020000000        0xc load address 0x0000000008004608
                0x0000000020000000                . = ALIGN (0x4)
                0x0000000020000000                _sdata = .
 *(.data)
 *(.data*)
 .data.SystemCoreClock
                0x0000000020000000        0x4 Core/Src/system_stm32f3xx.o
                0x0000000020000000                SystemCoreClock
 .data.uwTickPrio
                0x0000000020000004        0x4 Drivers/STM32F3xx_HAL_Driver/Src/stm32f3xx_hal.o
                0x0000000020000004                uwTickPrio
 .data.uwTickFreq
                0x0000000020000008        0x1 Drivers/STM32F3xx_HAL_Driver/Src/stm32f3xx_hal.o
                0x0000000020000008                uwTickFreq
                0x000000002000000c                . = ALIGN (0x4)
 *fill*         0x0000000020000009        0x3 
                0x000000002000000c                _edata = .

.igot.plt       0x000000002000000c        0x0 load address 0x0000000008004614
 .igot.plt      0x000000002000000c        0x0 c:/st/stm32cubeide_1.3.0/stm32cubeide/plugins/com.st.stm32cube.ide.mcu.externaltools.gnu-tools-for-stm32.7-2018-q2-update.win32_1.0.0.201904181610/tools/bin/../lib/gcc/arm-none-eabi/7.3.1/thumb/v7e-m/fpv4-sp/hard/crtbegin.o
                0x000000002000000c                . = ALIGN (0x4)

.bss            0x000000002000000c      0x124 load address 0x0000000008004614
                0x000000002000000c                _sbss = .
                0x000000002000000c                __bss_start__ = _sbss
 *(.bss)
 .bss           0x000000002000000c       0x1c c:/st/stm32cubeide_1.3.0/stm32cubeide/plugins/com.st.stm32cube.ide.mcu.externaltools.gnu-tools-for-stm32.7-2018-q2-update.win32_1.0.0.201904181610/tools/bin/../lib/gcc/arm-none-eabi/7.3.1/thumb/v7e-m/fpv4-sp/hard/crtbegin.o
 *(.bss*)
 *(COMMON)
 COMMON         0x0000000020000028      0x104 Core/Src/main.o
                0x0000000020000028                sindex
                0x000000002000002c                ubSinValues
 COMMON         0x000000002000012c        0x4 Drivers/STM32F3xx_HAL_Driver/Src/stm32f3xx_hal.o
                0x000000002000012c                uwTick
                0x0000000020000130                . = ALIGN (0x4)
                0x0000000020000130                _ebss = .
                0x0000000020000130                __bss_end__ = _ebss

._user_heap_stack
                0x0000000020000130      0x600 load address 0x0000000008004614
                0x0000000020000130                . = ALIGN (0x8)
                0x0000000020000130                PROVIDE (end = .)
                [!provide]                        PROVIDE (_end = .)
                0x0000000020000330                . = (. + _Min_Heap_Size)
 *fill*         0x0000000020000130      0x200 
                0x0000000020000730                . = (. + _Min_Stack_Size)
 *fill*         0x0000000020000330      0x400 
                0x0000000020000730                . = ALIGN (0x8)

/DISCARD/
 libc.a(*)
 libm.a(*)
 libgcc.a(*)

.ARM.attributes
                0x0000000000000000       0x30
 *(.ARM.attributes)
 .ARM.attributes
                0x0000000000000000       0x22 c:/st/stm32cubeide_1.3.0/stm32cubeide/plugins/com.st.stm32cube.ide.mcu.externaltools.gnu-tools-for-stm32.7-2018-q2-update.win32_1.0.0.201904181610/tools/bin/../lib/gcc/arm-none-eabi/7.3.1/thumb/v7e-m/fpv4-sp/hard/crti.o
 .ARM.attributes
                0x0000000000000022       0x34 c:/st/stm32cubeide_1.3.0/stm32cubeide/plugins/com.st.stm32cube.ide.mcu.externaltools.gnu-tools-for-stm32.7-2018-q2-update.win32_1.0.0.201904181610/tools/bin/../lib/gcc/arm-none-eabi/7.3.1/thumb/v7e-m/fpv4-sp/hard/crtbegin.o
 .ARM.attributes
                0x0000000000000056       0x39 Core/Src/main.o
 .ARM.attributes
                0x000000000000008f       0x39 Core/Src/stm32f3xx_hal_msp.o
 .ARM.attributes
                0x00000000000000c8       0x39 Core/Src/stm32f3xx_it.o
 .ARM.attributes
                0x0000000000000101       0x39 Core/Src/system_stm32f3xx.o
 .ARM.attributes
                0x000000000000013a       0x21 Core/Startup/startup_stm32f303retx.o
 .ARM.attributes
                0x000000000000015b       0x39 Drivers/STM32F3xx_HAL_Driver/Src/stm32f3xx_hal.o
 .ARM.attributes
                0x0000000000000194       0x39 Drivers/STM32F3xx_HAL_Driver/Src/stm32f3xx_hal_cortex.o
 .ARM.attributes
                0x00000000000001cd       0x39 Drivers/STM32F3xx_HAL_Driver/Src/stm32f3xx_hal_gpio.o
 .ARM.attributes
                0x0000000000000206       0x39 Drivers/STM32F3xx_HAL_Driver/Src/stm32f3xx_hal_rcc.o
 .ARM.attributes
                0x000000000000023f       0x39 Drivers/STM32F3xx_HAL_Driver/Src/stm32f3xx_ll_dac.o
 .ARM.attributes
                0x0000000000000278       0x39 Drivers/STM32F3xx_HAL_Driver/Src/stm32f3xx_ll_gpio.o
 .ARM.attributes
                0x00000000000002b1       0x39 Drivers/STM32F3xx_HAL_Driver/Src/stm32f3xx_ll_tim.o
 .ARM.attributes
                0x00000000000002ea       0x34 c:/st/stm32cubeide_1.3.0/stm32cubeide/plugins/com.st.stm32cube.ide.mcu.externaltools.gnu-tools-for-stm32.7-2018-q2-update.win32_1.0.0.201904181610/tools/bin/../lib/gcc/arm-none-eabi/7.3.1/../../../../arm-none-eabi/lib/thumb/v7e-m/fpv4-sp/hard\libc_nano.a(lib_a-init.o)
 .ARM.attributes
                0x000000000000031e       0x34 c:/st/stm32cubeide_1.3.0/stm32cubeide/plugins/com.st.stm32cube.ide.mcu.externaltools.gnu-tools-for-stm32.7-2018-q2-update.win32_1.0.0.201904181610/tools/bin/../lib/gcc/arm-none-eabi/7.3.1/../../../../arm-none-eabi/lib/thumb/v7e-m/fpv4-sp/hard\libc_nano.a(lib_a-memset.o)
 .ARM.attributes
                0x0000000000000352       0x34 c:/st/stm32cubeide_1.3.0/stm32cubeide/plugins/com.st.stm32cube.ide.mcu.externaltools.gnu-tools-for-stm32.7-2018-q2-update.win32_1.0.0.201904181610/tools/bin/../lib/gcc/arm-none-eabi/7.3.1/../../../../arm-none-eabi/lib/thumb/v7e-m/fpv4-sp/hard\libm.a(lib_a-s_sin.o)
 .ARM.attributes
                0x0000000000000386       0x34 c:/st/stm32cubeide_1.3.0/stm32cubeide/plugins/com.st.stm32cube.ide.mcu.externaltools.gnu-tools-for-stm32.7-2018-q2-update.win32_1.0.0.201904181610/tools/bin/../lib/gcc/arm-none-eabi/7.3.1/../../../../arm-none-eabi/lib/thumb/v7e-m/fpv4-sp/hard\libm.a(lib_a-e_rem_pio2.o)
 .ARM.attributes
                0x00000000000003ba       0x34 c:/st/stm32cubeide_1.3.0/stm32cubeide/plugins/com.st.stm32cube.ide.mcu.externaltools.gnu-tools-for-stm32.7-2018-q2-update.win32_1.0.0.201904181610/tools/bin/../lib/gcc/arm-none-eabi/7.3.1/../../../../arm-none-eabi/lib/thumb/v7e-m/fpv4-sp/hard\libm.a(lib_a-k_cos.o)
 .ARM.attributes
                0x00000000000003ee       0x34 c:/st/stm32cubeide_1.3.0/stm32cubeide/plugins/com.st.stm32cube.ide.mcu.externaltools.gnu-tools-for-stm32.7-2018-q2-update.win32_1.0.0.201904181610/tools/bin/../lib/gcc/arm-none-eabi/7.3.1/../../../../arm-none-eabi/lib/thumb/v7e-m/fpv4-sp/hard\libm.a(lib_a-k_rem_pio2.o)
 .ARM.attributes
                0x0000000000000422       0x34 c:/st/stm32cubeide_1.3.0/stm32cubeide/plugins/com.st.stm32cube.ide.mcu.externaltools.gnu-tools-for-stm32.7-2018-q2-update.win32_1.0.0.201904181610/tools/bin/../lib/gcc/arm-none-eabi/7.3.1/../../../../arm-none-eabi/lib/thumb/v7e-m/fpv4-sp/hard\libm.a(lib_a-k_sin.o)
 .ARM.attributes
                0x0000000000000456       0x34 c:/st/stm32cubeide_1.3.0/stm32cubeide/plugins/com.st.stm32cube.ide.mcu.externaltools.gnu-tools-for-stm32.7-2018-q2-update.win32_1.0.0.201904181610/tools/bin/../lib/gcc/arm-none-eabi/7.3.1/../../../../arm-none-eabi/lib/thumb/v7e-m/fpv4-sp/hard\libm.a(lib_a-s_fabs.o)
 .ARM.attributes
                0x000000000000048a       0x34 c:/st/stm32cubeide_1.3.0/stm32cubeide/plugins/com.st.stm32cube.ide.mcu.externaltools.gnu-tools-for-stm32.7-2018-q2-update.win32_1.0.0.201904181610/tools/bin/../lib/gcc/arm-none-eabi/7.3.1/../../../../arm-none-eabi/lib/thumb/v7e-m/fpv4-sp/hard\libm.a(lib_a-s_floor.o)
 .ARM.attributes
                0x00000000000004be       0x34 c:/st/stm32cubeide_1.3.0/stm32cubeide/plugins/com.st.stm32cube.ide.mcu.externaltools.gnu-tools-for-stm32.7-2018-q2-update.win32_1.0.0.201904181610/tools/bin/../lib/gcc/arm-none-eabi/7.3.1/../../../../arm-none-eabi/lib/thumb/v7e-m/fpv4-sp/hard\libm.a(lib_a-s_scalbn.o)
 .ARM.attributes
                0x00000000000004f2       0x34 c:/st/stm32cubeide_1.3.0/stm32cubeide/plugins/com.st.stm32cube.ide.mcu.externaltools.gnu-tools-for-stm32.7-2018-q2-update.win32_1.0.0.201904181610/tools/bin/../lib/gcc/arm-none-eabi/7.3.1/../../../../arm-none-eabi/lib/thumb/v7e-m/fpv4-sp/hard\libm.a(lib_a-s_copysign.o)
 .ARM.attributes
                0x0000000000000526       0x22 c:/st/stm32cubeide_1.3.0/stm32cubeide/plugins/com.st.stm32cube.ide.mcu.externaltools.gnu-tools-for-stm32.7-2018-q2-update.win32_1.0.0.201904181610/tools/bin/../lib/gcc/arm-none-eabi/7.3.1/thumb/v7e-m/fpv4-sp/hard\libgcc.a(_arm_addsubdf3.o)
 .ARM.attributes
                0x0000000000000548       0x22 c:/st/stm32cubeide_1.3.0/stm32cubeide/plugins/com.st.stm32cube.ide.mcu.externaltools.gnu-tools-for-stm32.7-2018-q2-update.win32_1.0.0.201904181610/tools/bin/../lib/gcc/arm-none-eabi/7.3.1/thumb/v7e-m/fpv4-sp/hard\libgcc.a(_arm_muldivdf3.o)
 .ARM.attributes
                0x000000000000056a       0x22 c:/st/stm32cubeide_1.3.0/stm32cubeide/plugins/com.st.stm32cube.ide.mcu.externaltools.gnu-tools-for-stm32.7-2018-q2-update.win32_1.0.0.201904181610/tools/bin/../lib/gcc/arm-none-eabi/7.3.1/thumb/v7e-m/fpv4-sp/hard\libgcc.a(_arm_cmpdf2.o)
 .ARM.attributes
                0x000000000000058c       0x22 c:/st/stm32cubeide_1.3.0/stm32cubeide/plugins/com.st.stm32cube.ide.mcu.externaltools.gnu-tools-for-stm32.7-2018-q2-update.win32_1.0.0.201904181610/tools/bin/../lib/gcc/arm-none-eabi/7.3.1/thumb/v7e-m/fpv4-sp/hard\libgcc.a(_arm_fixdfsi.o)
 .ARM.attributes
                0x00000000000005ae       0x22 c:/st/stm32cubeide_1.3.0/stm32cubeide/plugins/com.st.stm32cube.ide.mcu.externaltools.gnu-tools-for-stm32.7-2018-q2-update.win32_1.0.0.201904181610/tools/bin/../lib/gcc/arm-none-eabi/7.3.1/thumb/v7e-m/fpv4-sp/hard\libgcc.a(_arm_fixunsdfsi.o)
 .ARM.attributes
                0x00000000000005d0       0x22 c:/st/stm32cubeide_1.3.0/stm32cubeide/plugins/com.st.stm32cube.ide.mcu.externaltools.gnu-tools-for-stm32.7-2018-q2-update.win32_1.0.0.201904181610/tools/bin/../lib/gcc/arm-none-eabi/7.3.1/thumb/v7e-m/fpv4-sp/hard/crtn.o
OUTPUT(MTP_LAB_7.elf elf32-littlearm)

.debug_info     0x0000000000000000     0x7d33
 .debug_info    0x0000000000000000     0x1e1f Core/Src/main.o
 .debug_info    0x0000000000001e1f      0x308 Core/Src/stm32f3xx_hal_msp.o
 .debug_info    0x0000000000002127      0x50a Core/Src/stm32f3xx_it.o
 .debug_info    0x0000000000002631      0x45c Core/Src/system_stm32f3xx.o
 .debug_info    0x0000000000002a8d       0x22 Core/Startup/startup_stm32f303retx.o
 .debug_info    0x0000000000002aaf      0x812 Drivers/STM32F3xx_HAL_Driver/Src/stm32f3xx_hal.o
 .debug_info    0x00000000000032c1      0xdc9 Drivers/STM32F3xx_HAL_Driver/Src/stm32f3xx_hal_cortex.o
 .debug_info    0x000000000000408a      0x7c1 Drivers/STM32F3xx_HAL_Driver/Src/stm32f3xx_hal_gpio.o
 .debug_info    0x000000000000484b     0x181f Drivers/STM32F3xx_HAL_Driver/Src/stm32f3xx_hal_rcc.o
 .debug_info    0x000000000000606a      0x492 Drivers/STM32F3xx_HAL_Driver/Src/stm32f3xx_ll_dac.o
 .debug_info    0x00000000000064fc      0x83e Drivers/STM32F3xx_HAL_Driver/Src/stm32f3xx_ll_gpio.o
 .debug_info    0x0000000000006d3a      0xff9 Drivers/STM32F3xx_HAL_Driver/Src/stm32f3xx_ll_tim.o

.debug_abbrev   0x0000000000000000     0x1540
 .debug_abbrev  0x0000000000000000      0x319 Core/Src/main.o
 .debug_abbrev  0x0000000000000319      0x109 Core/Src/stm32f3xx_hal_msp.o
 .debug_abbrev  0x0000000000000422      0x13d Core/Src/stm32f3xx_it.o
 .debug_abbrev  0x000000000000055f      0x12b Core/Src/system_stm32f3xx.o
 .debug_abbrev  0x000000000000068a       0x12 Core/Startup/startup_stm32f303retx.o
 .debug_abbrev  0x000000000000069c      0x1c7 Drivers/STM32F3xx_HAL_Driver/Src/stm32f3xx_hal.o
 .debug_abbrev  0x0000000000000863      0x2fa Drivers/STM32F3xx_HAL_Driver/Src/stm32f3xx_hal_cortex.o
 .debug_abbrev  0x0000000000000b5d      0x1c0 Drivers/STM32F3xx_HAL_Driver/Src/stm32f3xx_hal_gpio.o
 .debug_abbrev  0x0000000000000d1d      0x28c Drivers/STM32F3xx_HAL_Driver/Src/stm32f3xx_hal_rcc.o
 .debug_abbrev  0x0000000000000fa9      0x186 Drivers/STM32F3xx_HAL_Driver/Src/stm32f3xx_ll_dac.o
 .debug_abbrev  0x000000000000112f      0x212 Drivers/STM32F3xx_HAL_Driver/Src/stm32f3xx_ll_gpio.o
 .debug_abbrev  0x0000000000001341      0x1ff Drivers/STM32F3xx_HAL_Driver/Src/stm32f3xx_ll_tim.o

.debug_aranges  0x0000000000000000      0x6e0
 .debug_aranges
                0x0000000000000000      0x120 Core/Src/main.o
 .debug_aranges
                0x0000000000000120       0x20 Core/Src/stm32f3xx_hal_msp.o
 .debug_aranges
                0x0000000000000140       0x78 Core/Src/stm32f3xx_it.o
 .debug_aranges
                0x00000000000001b8       0x28 Core/Src/system_stm32f3xx.o
 .debug_aranges
                0x00000000000001e0       0x28 Core/Startup/startup_stm32f303retx.o
 .debug_aranges
                0x0000000000000208       0xe0 Drivers/STM32F3xx_HAL_Driver/Src/stm32f3xx_hal.o
 .debug_aranges
                0x00000000000002e8      0x118 Drivers/STM32F3xx_HAL_Driver/Src/stm32f3xx_hal_cortex.o
 .debug_aranges
                0x0000000000000400       0x58 Drivers/STM32F3xx_HAL_Driver/Src/stm32f3xx_hal_gpio.o
 .debug_aranges
                0x0000000000000458       0x88 Drivers/STM32F3xx_HAL_Driver/Src/stm32f3xx_hal_rcc.o
 .debug_aranges
                0x00000000000004e0       0x48 Drivers/STM32F3xx_HAL_Driver/Src/stm32f3xx_ll_dac.o
 .debug_aranges
                0x0000000000000528       0x70 Drivers/STM32F3xx_HAL_Driver/Src/stm32f3xx_ll_gpio.o
 .debug_aranges
                0x0000000000000598      0x148 Drivers/STM32F3xx_HAL_Driver/Src/stm32f3xx_ll_tim.o

.debug_ranges   0x0000000000000000      0x628
 .debug_ranges  0x0000000000000000      0x110 Core/Src/main.o
 .debug_ranges  0x0000000000000110       0x10 Core/Src/stm32f3xx_hal_msp.o
 .debug_ranges  0x0000000000000120       0x68 Core/Src/stm32f3xx_it.o
 .debug_ranges  0x0000000000000188       0x18 Core/Src/system_stm32f3xx.o
 .debug_ranges  0x00000000000001a0       0x20 Core/Startup/startup_stm32f303retx.o
 .debug_ranges  0x00000000000001c0       0xd0 Drivers/STM32F3xx_HAL_Driver/Src/stm32f3xx_hal.o
 .debug_ranges  0x0000000000000290      0x108 Drivers/STM32F3xx_HAL_Driver/Src/stm32f3xx_hal_cortex.o
 .debug_ranges  0x0000000000000398       0x48 Drivers/STM32F3xx_HAL_Driver/Src/stm32f3xx_hal_gpio.o
 .debug_ranges  0x00000000000003e0       0x78 Drivers/STM32F3xx_HAL_Driver/Src/stm32f3xx_hal_rcc.o
 .debug_ranges  0x0000000000000458       0x38 Drivers/STM32F3xx_HAL_Driver/Src/stm32f3xx_ll_dac.o
 .debug_ranges  0x0000000000000490       0x60 Drivers/STM32F3xx_HAL_Driver/Src/stm32f3xx_ll_gpio.o
 .debug_ranges  0x00000000000004f0      0x138 Drivers/STM32F3xx_HAL_Driver/Src/stm32f3xx_ll_tim.o

.debug_macro    0x0000000000000000    0x21b8f
 .debug_macro   0x0000000000000000      0x2c0 Core/Src/main.o
 .debug_macro   0x00000000000002c0      0xa60 Core/Src/main.o
 .debug_macro   0x0000000000000d20      0x14b Core/Src/main.o
 .debug_macro   0x0000000000000e6b       0x2e Core/Src/main.o
 .debug_macro   0x0000000000000e99       0x28 Core/Src/main.o
 .debug_macro   0x0000000000000ec1       0x22 Core/Src/main.o
 .debug_macro   0x0000000000000ee3       0x8e Core/Src/main.o
 .debug_macro   0x0000000000000f71       0x51 Core/Src/main.o
 .debug_macro   0x0000000000000fc2       0xef Core/Src/main.o
 .debug_macro   0x00000000000010b1       0x6a Core/Src/main.o
 .debug_macro   0x000000000000111b      0x1df Core/Src/main.o
 .debug_macro   0x00000000000012fa       0x1c Core/Src/main.o
 .debug_macro   0x0000000000001316       0x22 Core/Src/main.o
 .debug_macro   0x0000000000001338       0xdf Core/Src/main.o
 .debug_macro   0x0000000000001417     0x102d Core/Src/main.o
 .debug_macro   0x0000000000002444      0x11f Core/Src/main.o
 .debug_macro   0x0000000000002563    0x15353 Core/Src/main.o
 .debug_macro   0x00000000000178b6       0x43 Core/Src/main.o
 .debug_macro   0x00000000000178f9     0x35e9 Core/Src/main.o
 .debug_macro   0x000000000001aee2      0x174 Core/Src/main.o
 .debug_macro   0x000000000001b056       0x55 Core/Src/main.o
 .debug_macro   0x000000000001b0ab      0x954 Core/Src/main.o
 .debug_macro   0x000000000001b9ff      0x84a Core/Src/main.o
 .debug_macro   0x000000000001c249      0x12f Core/Src/main.o
 .debug_macro   0x000000000001c378      0x23a Core/Src/main.o
 .debug_macro   0x000000000001c5b2      0x1ea Core/Src/main.o
 .debug_macro   0x000000000001c79c      0x1bc Core/Src/main.o
 .debug_macro   0x000000000001c958       0x30 Core/Src/main.o
 .debug_macro   0x000000000001c988       0x3c Core/Src/main.o
 .debug_macro   0x000000000001c9c4      0x236 Core/Src/main.o
 .debug_macro   0x000000000001cbfa       0xc5 Core/Src/main.o
 .debug_macro   0x000000000001ccbf      0x21d Core/Src/main.o
 .debug_macro   0x000000000001cedc      0x22c Core/Src/main.o
 .debug_macro   0x000000000001d108       0x5b Core/Src/main.o
 .debug_macro   0x000000000001d163       0xa5 Core/Src/main.o
 .debug_macro   0x000000000001d208       0x81 Core/Src/main.o
 .debug_macro   0x000000000001d289       0xd3 Core/Src/main.o
 .debug_macro   0x000000000001d35c      0x347 Core/Src/main.o
 .debug_macro   0x000000000001d6a3      0x22f Core/Src/main.o
 .debug_macro   0x000000000001d8d2      0x287 Core/Src/main.o
 .debug_macro   0x000000000001db59      0x880 Core/Src/main.o
 .debug_macro   0x000000000001e3d9      0x14a Core/Src/main.o
 .debug_macro   0x000000000001e523      0x1a8 Core/Src/main.o
 .debug_macro   0x000000000001e6cb      0x627 Core/Src/main.o
 .debug_macro   0x000000000001ecf2      0x39f Core/Src/main.o
 .debug_macro   0x000000000001f091       0x30 Core/Src/main.o
 .debug_macro   0x000000000001f0c1       0xae Core/Src/main.o
 .debug_macro   0x000000000001f16f      0x142 Core/Src/main.o
 .debug_macro   0x000000000001f2b1      0x148 Core/Src/main.o
 .debug_macro   0x000000000001f3f9       0x46 Core/Src/main.o
 .debug_macro   0x000000000001f43f       0x18 Core/Src/main.o
 .debug_macro   0x000000000001f457       0x3c Core/Src/main.o
 .debug_macro   0x000000000001f493       0x34 Core/Src/main.o
 .debug_macro   0x000000000001f4c7       0x52 Core/Src/main.o
 .debug_macro   0x000000000001f519       0x1f Core/Src/main.o
 .debug_macro   0x000000000001f538       0x43 Core/Src/main.o
 .debug_macro   0x000000000001f57b       0x20 Core/Src/main.o
 .debug_macro   0x000000000001f59b      0x1a3 Core/Src/main.o
 .debug_macro   0x000000000001f73e      0x32a Core/Src/main.o
 .debug_macro   0x000000000001fa68      0x1e1 Core/Src/main.o
 .debug_macro   0x000000000001fc49      0x21c Core/Src/stm32f3xx_hal_msp.o
 .debug_macro   0x000000000001fe65      0x226 Core/Src/stm32f3xx_it.o
 .debug_macro   0x000000000002008b      0x1af Core/Src/system_stm32f3xx.o
 .debug_macro   0x000000000002023a      0x1d3 Drivers/STM32F3xx_HAL_Driver/Src/stm32f3xx_hal.o
 .debug_macro   0x000000000002040d      0x1af Drivers/STM32F3xx_HAL_Driver/Src/stm32f3xx_hal_cortex.o
 .debug_macro   0x00000000000205bc      0x1e7 Drivers/STM32F3xx_HAL_Driver/Src/stm32f3xx_hal_gpio.o
 .debug_macro   0x00000000000207a3      0x1d3 Drivers/STM32F3xx_HAL_Driver/Src/stm32f3xx_hal_rcc.o
 .debug_macro   0x0000000000020976      0x1ee Drivers/STM32F3xx_HAL_Driver/Src/stm32f3xx_ll_dac.o
 .debug_macro   0x0000000000020b64      0x229 Drivers/STM32F3xx_HAL_Driver/Src/stm32f3xx_ll_dac.o
 .debug_macro   0x0000000000020d8d      0x1f1 Drivers/STM32F3xx_HAL_Driver/Src/stm32f3xx_ll_gpio.o
 .debug_macro   0x0000000000020f7e      0x13c Drivers/STM32F3xx_HAL_Driver/Src/stm32f3xx_ll_gpio.o
 .debug_macro   0x00000000000210ba      0x25b Drivers/STM32F3xx_HAL_Driver/Src/stm32f3xx_ll_tim.o
 .debug_macro   0x0000000000021315      0x87a Drivers/STM32F3xx_HAL_Driver/Src/stm32f3xx_ll_tim.o

.debug_line     0x0000000000000000     0x667f
 .debug_line    0x0000000000000000      0xbb4 Core/Src/main.o
 .debug_line    0x0000000000000bb4      0x784 Core/Src/stm32f3xx_hal_msp.o
 .debug_line    0x0000000000001338      0x874 Core/Src/stm32f3xx_it.o
 .debug_line    0x0000000000001bac      0x6a7 Core/Src/system_stm32f3xx.o
 .debug_line    0x0000000000002253       0x88 Core/Startup/startup_stm32f303retx.o
 .debug_line    0x00000000000022db      0x863 Drivers/STM32F3xx_HAL_Driver/Src/stm32f3xx_hal.o
 .debug_line    0x0000000000002b3e      0x998 Drivers/STM32F3xx_HAL_Driver/Src/stm32f3xx_hal_cortex.o
 .debug_line    0x00000000000034d6      0x83e Drivers/STM32F3xx_HAL_Driver/Src/stm32f3xx_hal_gpio.o
 .debug_line    0x0000000000003d14      0xdde Drivers/STM32F3xx_HAL_Driver/Src/stm32f3xx_hal_rcc.o
 .debug_line    0x0000000000004af2      0x73b Drivers/STM32F3xx_HAL_Driver/Src/stm32f3xx_ll_dac.o
 .debug_line    0x000000000000522d      0x86e Drivers/STM32F3xx_HAL_Driver/Src/stm32f3xx_ll_gpio.o
 .debug_line    0x0000000000005a9b      0xbe4 Drivers/STM32F3xx_HAL_Driver/Src/stm32f3xx_ll_tim.o

.debug_str      0x0000000000000000    0xcc374
 .debug_str     0x0000000000000000    0xc8893 Core/Src/main.o
                                      0xc94f9 (size before relaxing)
 .debug_str     0x00000000000c8893       0x2c Core/Src/stm32f3xx_hal_msp.o
                                      0xc4fc4 (size before relaxing)
 .debug_str     0x00000000000c88bf       0xd6 Core/Src/stm32f3xx_it.o
                                      0xc50df (size before relaxing)
 .debug_str     0x00000000000c8995       0x5f Core/Src/system_stm32f3xx.o
                                      0xb5fb3 (size before relaxing)
 .debug_str     0x00000000000c89f4       0x36 Core/Startup/startup_stm32f303retx.o
                                         0x82 (size before relaxing)
 .debug_str     0x00000000000c8a2a      0x317 Drivers/STM32F3xx_HAL_Driver/Src/stm32f3xx_hal.o
                                      0xb67ba (size before relaxing)
 .debug_str     0x00000000000c8d41      0x304 Drivers/STM32F3xx_HAL_Driver/Src/stm32f3xx_hal_cortex.o
                                      0xb68c8 (size before relaxing)
 .debug_str     0x00000000000c9045      0x20d Drivers/STM32F3xx_HAL_Driver/Src/stm32f3xx_hal_gpio.o
                                      0xb6291 (size before relaxing)
 .debug_str     0x00000000000c9252      0x2fc Drivers/STM32F3xx_HAL_Driver/Src/stm32f3xx_hal_rcc.o
                                      0xb6425 (size before relaxing)
 .debug_str     0x00000000000c954e      0xbf4 Drivers/STM32F3xx_HAL_Driver/Src/stm32f3xx_ll_dac.o
                                      0xb87e6 (size before relaxing)
 .debug_str     0x00000000000ca142      0x62e Drivers/STM32F3xx_HAL_Driver/Src/stm32f3xx_ll_gpio.o
                                      0xb75bc (size before relaxing)
 .debug_str     0x00000000000ca770     0x1c04 Drivers/STM32F3xx_HAL_Driver/Src/stm32f3xx_ll_tim.o
                                      0xbc9d6 (size before relaxing)

.comment        0x0000000000000000       0x7b
 .comment       0x0000000000000000       0x7b Core/Src/main.o
                                         0x7c (size before relaxing)
 .comment       0x000000000000007b       0x7c Core/Src/stm32f3xx_hal_msp.o
 .comment       0x000000000000007b       0x7c Core/Src/stm32f3xx_it.o
 .comment       0x000000000000007b       0x7c Core/Src/system_stm32f3xx.o
 .comment       0x000000000000007b       0x7c Drivers/STM32F3xx_HAL_Driver/Src/stm32f3xx_hal.o
 .comment       0x000000000000007b       0x7c Drivers/STM32F3xx_HAL_Driver/Src/stm32f3xx_hal_cortex.o
 .comment       0x000000000000007b       0x7c Drivers/STM32F3xx_HAL_Driver/Src/stm32f3xx_hal_gpio.o
 .comment       0x000000000000007b       0x7c Drivers/STM32F3xx_HAL_Driver/Src/stm32f3xx_hal_rcc.o
 .comment       0x000000000000007b       0x7c Drivers/STM32F3xx_HAL_Driver/Src/stm32f3xx_ll_dac.o
 .comment       0x000000000000007b       0x7c Drivers/STM32F3xx_HAL_Driver/Src/stm32f3xx_ll_gpio.o
 .comment       0x000000000000007b       0x7c Drivers/STM32F3xx_HAL_Driver/Src/stm32f3xx_ll_tim.o

.debug_frame    0x0000000000000000     0x1ef4
 .debug_frame   0x0000000000000000      0x504 Core/Src/main.o
 .debug_frame   0x0000000000000504       0x38 Core/Src/stm32f3xx_hal_msp.o
 .debug_frame   0x000000000000053c      0x170 Core/Src/stm32f3xx_it.o
 .debug_frame   0x00000000000006ac       0x58 Core/Src/system_stm32f3xx.o
 .debug_frame   0x0000000000000704      0x334 Drivers/STM32F3xx_HAL_Driver/Src/stm32f3xx_hal.o
 .debug_frame   0x0000000000000a38      0x498 Drivers/STM32F3xx_HAL_Driver/Src/stm32f3xx_hal_cortex.o
 .debug_frame   0x0000000000000ed0      0x14c Drivers/STM32F3xx_HAL_Driver/Src/stm32f3xx_hal_gpio.o
 .debug_frame   0x000000000000101c      0x214 Drivers/STM32F3xx_HAL_Driver/Src/stm32f3xx_hal_rcc.o
 .debug_frame   0x0000000000001230       0xf8 Drivers/STM32F3xx_HAL_Driver/Src/stm32f3xx_ll_dac.o
 .debug_frame   0x0000000000001328      0x1c0 Drivers/STM32F3xx_HAL_Driver/Src/stm32f3xx_ll_gpio.o
 .debug_frame   0x00000000000014e8      0x5d0 Drivers/STM32F3xx_HAL_Driver/Src/stm32f3xx_ll_tim.o
 .debug_frame   0x0000000000001ab8       0x2c c:/st/stm32cubeide_1.3.0/stm32cubeide/plugins/com.st.stm32cube.ide.mcu.externaltools.gnu-tools-for-stm32.7-2018-q2-update.win32_1.0.0.201904181610/tools/bin/../lib/gcc/arm-none-eabi/7.3.1/../../../../arm-none-eabi/lib/thumb/v7e-m/fpv4-sp/hard\libc_nano.a(lib_a-init.o)
 .debug_frame   0x0000000000001ae4       0x20 c:/st/stm32cubeide_1.3.0/stm32cubeide/plugins/com.st.stm32cube.ide.mcu.externaltools.gnu-tools-for-stm32.7-2018-q2-update.win32_1.0.0.201904181610/tools/bin/../lib/gcc/arm-none-eabi/7.3.1/../../../../arm-none-eabi/lib/thumb/v7e-m/fpv4-sp/hard\libc_nano.a(lib_a-memset.o)
 .debug_frame   0x0000000000001b04       0x2c c:/st/stm32cubeide_1.3.0/stm32cubeide/plugins/com.st.stm32cube.ide.mcu.externaltools.gnu-tools-for-stm32.7-2018-q2-update.win32_1.0.0.201904181610/tools/bin/../lib/gcc/arm-none-eabi/7.3.1/../../../../arm-none-eabi/lib/thumb/v7e-m/fpv4-sp/hard\libm.a(lib_a-s_sin.o)
 .debug_frame   0x0000000000001b30       0x40 c:/st/stm32cubeide_1.3.0/stm32cubeide/plugins/com.st.stm32cube.ide.mcu.externaltools.gnu-tools-for-stm32.7-2018-q2-update.win32_1.0.0.201904181610/tools/bin/../lib/gcc/arm-none-eabi/7.3.1/../../../../arm-none-eabi/lib/thumb/v7e-m/fpv4-sp/hard\libm.a(lib_a-e_rem_pio2.o)
 .debug_frame   0x0000000000001b70       0x4c c:/st/stm32cubeide_1.3.0/stm32cubeide/plugins/com.st.stm32cube.ide.mcu.externaltools.gnu-tools-for-stm32.7-2018-q2-update.win32_1.0.0.201904181610/tools/bin/../lib/gcc/arm-none-eabi/7.3.1/../../../../arm-none-eabi/lib/thumb/v7e-m/fpv4-sp/hard\libm.a(lib_a-k_cos.o)
 .debug_frame   0x0000000000001bbc       0x54 c:/st/stm32cubeide_1.3.0/stm32cubeide/plugins/com.st.stm32cube.ide.mcu.externaltools.gnu-tools-for-stm32.7-2018-q2-update.win32_1.0.0.201904181610/tools/bin/../lib/gcc/arm-none-eabi/7.3.1/../../../../arm-none-eabi/lib/thumb/v7e-m/fpv4-sp/hard\libm.a(lib_a-k_rem_pio2.o)
 .debug_frame   0x0000000000001c10       0x40 c:/st/stm32cubeide_1.3.0/stm32cubeide/plugins/com.st.stm32cube.ide.mcu.externaltools.gnu-tools-for-stm32.7-2018-q2-update.win32_1.0.0.201904181610/tools/bin/../lib/gcc/arm-none-eabi/7.3.1/../../../../arm-none-eabi/lib/thumb/v7e-m/fpv4-sp/hard\libm.a(lib_a-k_sin.o)
 .debug_frame   0x0000000000001c50       0x20 c:/st/stm32cubeide_1.3.0/stm32cubeide/plugins/com.st.stm32cube.ide.mcu.externaltools.gnu-tools-for-stm32.7-2018-q2-update.win32_1.0.0.201904181610/tools/bin/../lib/gcc/arm-none-eabi/7.3.1/../../../../arm-none-eabi/lib/thumb/v7e-m/fpv4-sp/hard\libm.a(lib_a-s_fabs.o)
 .debug_frame   0x0000000000001c70       0x30 c:/st/stm32cubeide_1.3.0/stm32cubeide/plugins/com.st.stm32cube.ide.mcu.externaltools.gnu-tools-for-stm32.7-2018-q2-update.win32_1.0.0.201904181610/tools/bin/../lib/gcc/arm-none-eabi/7.3.1/../../../../arm-none-eabi/lib/thumb/v7e-m/fpv4-sp/hard\libm.a(lib_a-s_floor.o)
 .debug_frame   0x0000000000001ca0       0x2c c:/st/stm32cubeide_1.3.0/stm32cubeide/plugins/com.st.stm32cube.ide.mcu.externaltools.gnu-tools-for-stm32.7-2018-q2-update.win32_1.0.0.201904181610/tools/bin/../lib/gcc/arm-none-eabi/7.3.1/../../../../arm-none-eabi/lib/thumb/v7e-m/fpv4-sp/hard\libm.a(lib_a-s_scalbn.o)
 .debug_frame   0x0000000000001ccc       0x20 c:/st/stm32cubeide_1.3.0/stm32cubeide/plugins/com.st.stm32cube.ide.mcu.externaltools.gnu-tools-for-stm32.7-2018-q2-update.win32_1.0.0.201904181610/tools/bin/../lib/gcc/arm-none-eabi/7.3.1/../../../../arm-none-eabi/lib/thumb/v7e-m/fpv4-sp/hard\libm.a(lib_a-s_copysign.o)
 .debug_frame   0x0000000000001cec       0xac c:/st/stm32cubeide_1.3.0/stm32cubeide/plugins/com.st.stm32cube.ide.mcu.externaltools.gnu-tools-for-stm32.7-2018-q2-update.win32_1.0.0.201904181610/tools/bin/../lib/gcc/arm-none-eabi/7.3.1/thumb/v7e-m/fpv4-sp/hard\libgcc.a(_arm_addsubdf3.o)
 .debug_frame   0x0000000000001d98       0x50 c:/st/stm32cubeide_1.3.0/stm32cubeide/plugins/com.st.stm32cube.ide.mcu.externaltools.gnu-tools-for-stm32.7-2018-q2-update.win32_1.0.0.201904181610/tools/bin/../lib/gcc/arm-none-eabi/7.3.1/thumb/v7e-m/fpv4-sp/hard\libgcc.a(_arm_muldivdf3.o)
 .debug_frame   0x0000000000001de8       0xc4 c:/st/stm32cubeide_1.3.0/stm32cubeide/plugins/com.st.stm32cube.ide.mcu.externaltools.gnu-tools-for-stm32.7-2018-q2-update.win32_1.0.0.201904181610/tools/bin/../lib/gcc/arm-none-eabi/7.3.1/thumb/v7e-m/fpv4-sp/hard\libgcc.a(_arm_cmpdf2.o)
 .debug_frame   0x0000000000001eac       0x24 c:/st/stm32cubeide_1.3.0/stm32cubeide/plugins/com.st.stm32cube.ide.mcu.externaltools.gnu-tools-for-stm32.7-2018-q2-update.win32_1.0.0.201904181610/tools/bin/../lib/gcc/arm-none-eabi/7.3.1/thumb/v7e-m/fpv4-sp/hard\libgcc.a(_arm_fixdfsi.o)
 .debug_frame   0x0000000000001ed0       0x24 c:/st/stm32cubeide_1.3.0/stm32cubeide/plugins/com.st.stm32cube.ide.mcu.externaltools.gnu-tools-for-stm32.7-2018-q2-update.win32_1.0.0.201904181610/tools/bin/../lib/gcc/arm-none-eabi/7.3.1/thumb/v7e-m/fpv4-sp/hard\libgcc.a(_arm_fixunsdfsi.o)
