core_cm4.h:1676:26:__NVIC_GetPriorityGrouping	4	static
core_cm4.h:1688:22:__NVIC_EnableIRQ	16	static
core_cm4.h:1816:22:__NVIC_SetPriority	16	static
core_cm4.h:1863:26:NVIC_EncodePriority	40	static
stm32f3xx_ll_dac.h:926:22:LL_DAC_EnableDMAReq	16	static
stm32f3xx_ll_dac.h:1038:22:LL_DAC_Enable	16	static
stm32f3xx_ll_dac.h:1105:22:LL_DAC_EnableTrigger	16	static
stm32f3xx_ll_dma.h:490:22:LL_DMA_EnableChannel	16	static
stm32f3xx_ll_dma.h:589:22:LL_DMA_SetDataTransferDirection	24	static
stm32f3xx_ll_dma.h:638:22:LL_DMA_SetMode	24	static
stm32f3xx_ll_dma.h:683:22:LL_DMA_SetPeriphIncMode	24	static
stm32f3xx_ll_dma.h:728:22:LL_DMA_SetMemoryIncMode	24	static
stm32f3xx_ll_dma.h:774:22:LL_DMA_SetPeriphSize	24	static
stm32f3xx_ll_dma.h:821:22:LL_DMA_SetMemorySize	24	static
stm32f3xx_ll_dma.h:869:22:LL_DMA_SetChannelPriorityLevel	24	static
stm32f3xx_ll_dma.h:916:22:LL_DMA_SetDataLength	24	static
stm32f3xx_ll_dma.h:1001:22:LL_DMA_SetMemoryAddress	24	static
stm32f3xx_ll_dma.h:1023:22:LL_DMA_SetPeriphAddress	24	static
stm32f3xx_ll_tim.h:1353:22:LL_TIM_EnableCounter	16	static
stm32f3xx_ll_tim.h:1544:22:LL_TIM_DisableARRPreload	16	static
stm32f3xx_ll_tim.h:3351:22:LL_TIM_SetTriggerOutput	16	static
stm32f3xx_ll_tim.h:3451:22:LL_TIM_DisableMasterSlaveMode	16	static
stm32f3xx_ll_tim.h:4006:22:LL_TIM_ClearFlag_UPDATE	16	static
stm32f3xx_ll_bus.h:287:22:LL_AHB1_GRP1_EnableClock	24	static
stm32f3xx_ll_bus.h:537:22:LL_APB1_GRP1_EnableClock	24	static
stm32f3xx_ll_system.h:605:22:LL_SYSCFG_SetRemapDMA_DAC	16	static
main.c:71:5:main	24	static
main.c:133:6:SystemClock_Config	72	static
main.c:171:13:MX_DAC1_Init	48	static
main.c:238:13:MX_TIM6_Init	32	static
main.c:273:13:MX_DMA_Init	8	static
main.c:292:13:MX_GPIO_Init	40	static
main.c:320:6:Error_Handler	4	static
