stm32f3xx_ll_adc.h:2493:26:LL_ADC_DMA_GetRegAddr	24	static
stm32f3xx_ll_adc.h:5833:22:LL_ADC_Enable	16	static
stm32f3xx_ll_adc.h:5911:22:LL_ADC_StartCalibration	16	static
stm32f3xx_ll_adc.h:5927:26:LL_ADC_IsCalibrationOnGoing	16	static
stm32f3xx_ll_adc.h:5958:22:LL_ADC_REG_StartConversion	16	static
stm32f3xx_ll_dac.h:1038:22:LL_DAC_Enable	16	static
stm32f3xx_ll_dac.h:1195:22:LL_DAC_ConvertData12RightAligned	32	static,ignoring_inline_asm
stm32f3xx_ll_dma.h:490:22:LL_DMA_EnableChannel	16	static
stm32f3xx_ll_dma.h:916:22:LL_DMA_SetDataLength	24	static
stm32f3xx_ll_dma.h:1001:22:LL_DMA_SetMemoryAddress	24	static
stm32f3xx_ll_dma.h:1023:22:LL_DMA_SetPeriphAddress	24	static
stm32f3xx_ll_dma.h:1552:22:LL_DMA_ClearFlag_TC1	16	static
stm32f3xx_ll_dma.h:1798:22:LL_DMA_EnableIT_TC	16	static
stm32f3xx_ll_tim.h:1353:22:LL_TIM_EnableCounter	16	static
stm32f3xx_ll_tim.h:1877:22:LL_TIM_CC_EnableChannel	16	static
stm32f3xx_ll_tim.h:3776:22:LL_TIM_EnableAllOutputs	16	static
adc_tim_dual.c:12:6:hw_init	8	static
adc_tim_dual.c:44:6:main_loop	8	static
adc_tim_dual.c:53:6:main_isr	4	static
