core_cm4.h:1676:26:__NVIC_GetPriorityGrouping	4	static
core_cm4.h:1688:22:__NVIC_EnableIRQ	16	static
core_cm4.h:1816:22:__NVIC_SetPriority	16	static
core_cm4.h:1863:26:NVIC_EncodePriority	40	static
stm32f3xx_ll_adc.h:3338:22:LL_ADC_REG_SetTriggerEdge	16	static
stm32f3xx_ll_adc.h:3617:22:LL_ADC_REG_SetSequencerRanks	40	static,ignoring_inline_asm
stm32f3xx_ll_adc.h:4821:22:LL_ADC_SetChannelSamplingTime	56	static,ignoring_inline_asm
stm32f3xx_ll_adc.h:4971:22:LL_ADC_SetChannelSingleDiff	24	static
stm32f3xx_ll_adc.h:6995:22:LL_ADC_DisableIT_EOC	16	static
stm32f3xx_ll_adc.h:7006:22:LL_ADC_DisableIT_EOS	16	static
stm32f3xx_ll_dac.h:1124:22:LL_DAC_DisableTrigger	16	static
stm32f3xx_ll_dma.h:589:22:LL_DMA_SetDataTransferDirection	24	static
stm32f3xx_ll_dma.h:638:22:LL_DMA_SetMode	24	static
stm32f3xx_ll_dma.h:683:22:LL_DMA_SetPeriphIncMode	24	static
stm32f3xx_ll_dma.h:728:22:LL_DMA_SetMemoryIncMode	24	static
stm32f3xx_ll_dma.h:774:22:LL_DMA_SetPeriphSize	24	static
stm32f3xx_ll_dma.h:821:22:LL_DMA_SetMemorySize	24	static
stm32f3xx_ll_dma.h:869:22:LL_DMA_SetChannelPriorityLevel	24	static
stm32f3xx_ll_tim.h:1544:22:LL_TIM_DisableARRPreload	16	static
stm32f3xx_ll_tim.h:2317:22:LL_TIM_OC_DisableFast	24	static
stm32f3xx_ll_tim.h:2389:22:LL_TIM_OC_EnablePreload	24	static
stm32f3xx_ll_tim.h:3351:22:LL_TIM_SetTriggerOutput	16	static
stm32f3xx_ll_tim.h:3383:22:LL_TIM_SetTriggerOutput2	16	static
stm32f3xx_ll_tim.h:3451:22:LL_TIM_DisableMasterSlaveMode	16	static
stm32f3xx_ll_bus.h:287:22:LL_AHB1_GRP1_EnableClock	24	static
stm32f3xx_ll_bus.h:537:22:LL_APB1_GRP1_EnableClock	24	static
stm32f3xx_ll_bus.h:851:22:LL_APB2_GRP1_EnableClock	24	static
main.c:70:5:main	8	static
main.c:119:6:SystemClock_Config	160	static
main.c:165:13:MX_ADC1_Init	88	static
main.c:253:13:MX_ADC2_Init	72	static
main.c:322:13:MX_DAC1_Init	48	static
main.c:366:13:MX_TIM1_Init	128	static
main.c:454:13:MX_DMA_Init	8	static
main.c:473:13:MX_GPIO_Init	16	static
main.c:490:6:Error_Handler	4	static
