core_cm4.h:1676:26:__NVIC_GetPriorityGrouping	4	static
core_cm4.h:1688:22:__NVIC_EnableIRQ	16	static
core_cm4.h:1816:22:__NVIC_SetPriority	16	static
core_cm4.h:1863:26:NVIC_EncodePriority	40	static
stm32f3xx_ll_tim.h:1544:22:LL_TIM_DisableARRPreload	16	static
stm32f3xx_ll_tim.h:2317:22:LL_TIM_OC_DisableFast	24	static
stm32f3xx_ll_tim.h:2389:22:LL_TIM_OC_EnablePreload	24	static
stm32f3xx_ll_tim.h:3305:22:LL_TIM_SetClockSource	16	static
stm32f3xx_ll_tim.h:3351:22:LL_TIM_SetTriggerOutput	16	static
stm32f3xx_ll_tim.h:3383:22:LL_TIM_SetTriggerOutput2	16	static
stm32f3xx_ll_tim.h:3451:22:LL_TIM_DisableMasterSlaveMode	16	static
stm32f3xx_ll_bus.h:287:22:LL_AHB1_GRP1_EnableClock	24	static
stm32f3xx_ll_bus.h:851:22:LL_APB2_GRP1_EnableClock	24	static
main.c:66:5:main	8	static
main.c:111:6:SystemClock_Config	160	static
main.c:156:13:MX_TIM1_Init	128	static
main.c:241:13:MX_GPIO_Init	16	static
main.c:257:6:Error_Handler	4	static
