core_cm4.h:1676:26:__NVIC_GetPriorityGrouping	4	static
core_cm4.h:1688:22:__NVIC_EnableIRQ	16	static
core_cm4.h:1816:22:__NVIC_SetPriority	16	static
core_cm4.h:1863:26:NVIC_EncodePriority	40	static
stm32f3xx_ll_dma.h:490:22:LL_DMA_EnableChannel	16	static
stm32f3xx_ll_dma.h:589:22:LL_DMA_SetDataTransferDirection	24	static
stm32f3xx_ll_dma.h:638:22:LL_DMA_SetMode	24	static
stm32f3xx_ll_dma.h:683:22:LL_DMA_SetPeriphIncMode	24	static
stm32f3xx_ll_dma.h:728:22:LL_DMA_SetMemoryIncMode	24	static
stm32f3xx_ll_dma.h:774:22:LL_DMA_SetPeriphSize	24	static
stm32f3xx_ll_dma.h:821:22:LL_DMA_SetMemorySize	24	static
stm32f3xx_ll_dma.h:869:22:LL_DMA_SetChannelPriorityLevel	24	static
stm32f3xx_ll_dma.h:967:22:LL_DMA_ConfigAddresses	24	static
stm32f3xx_ll_tim.h:1544:22:LL_TIM_DisableARRPreload	16	static
stm32f3xx_ll_tim.h:2317:22:LL_TIM_OC_DisableFast	24	static
stm32f3xx_ll_tim.h:2389:22:LL_TIM_OC_EnablePreload	24	static
stm32f3xx_ll_tim.h:3305:22:LL_TIM_SetClockSource	16	static
stm32f3xx_ll_tim.h:3351:22:LL_TIM_SetTriggerOutput	16	static
stm32f3xx_ll_tim.h:3383:22:LL_TIM_SetTriggerOutput2	16	static
stm32f3xx_ll_tim.h:3451:22:LL_TIM_DisableMasterSlaveMode	16	static
stm32f3xx_ll_tim.h:4006:22:LL_TIM_ClearFlag_UPDATE	16	static
stm32f3xx_ll_tim.h:4349:22:LL_TIM_EnableIT_UPDATE	16	static
stm32f3xx_ll_tim.h:4653:22:LL_TIM_EnableDMAReq_CC1	16	static
stm32f3xx_ll_bus.h:287:22:LL_AHB1_GRP1_EnableClock	24	static
stm32f3xx_ll_bus.h:851:22:LL_APB2_GRP1_EnableClock	24	static
main.c:71:5:main	16	static
main.c:124:6:SystemClock_Config	160	static
main.c:172:13:MX_TIM1_Init	128	static
main.c:285:13:MX_TIM2_Init	64	static
main.c:344:13:MX_TIM3_Init	40	static
main.c:391:13:MX_DMA_Init	8	static
main.c:410:13:MX_GPIO_Init	40	static
main.c:439:6:Error_Handler	4	static
